[0.007s] Invoking command in '/home/ljhua/robocon/ROBOCON2025/Lidar_Pointlio (jinhua)/unilidar_sdk2-2.0.4/unitree_lidar_ros2/build/unitree_lidar_ros2': CMAKE_PREFIX_PATH=/opt/ros/humble /usr/bin/cmake --build /home/ljhua/robocon/ROBOCON2025/Lidar_Pointlio (jinhua)/unilidar_sdk2-2.0.4/unitree_lidar_ros2/build/unitree_lidar_ros2 -- -j20 -l20
[0.050s] [35m[1mConsolidate compiler generated dependencies of target unitree_lidar_ros2_node[0m
[0.072s] [100%] Built target unitree_lidar_ros2_node
[0.085s] Invoked command in '/home/ljhua/robocon/ROBOCON2025/Lidar_Pointlio (jinhua)/unilidar_sdk2-2.0.4/unitree_lidar_ros2/build/unitree_lidar_ros2' returned '0': CMAKE_PREFIX_PATH=/opt/ros/humble /usr/bin/cmake --build /home/ljhua/robocon/ROBOCON2025/Lidar_Pointlio (jinhua)/unilidar_sdk2-2.0.4/unitree_lidar_ros2/build/unitree_lidar_ros2 -- -j20 -l20
[0.097s] Invoking command in '/home/ljhua/robocon/ROBOCON2025/Lidar_Pointlio (jinhua)/unilidar_sdk2-2.0.4/unitree_lidar_ros2/build/unitree_lidar_ros2': CMAKE_PREFIX_PATH=/opt/ros/humble /usr/bin/cmake --install /home/ljhua/robocon/ROBOCON2025/Lidar_Pointlio (jinhua)/unilidar_sdk2-2.0.4/unitree_lidar_ros2/build/unitree_lidar_ros2
[0.104s] -- Install configuration: ""
[0.105s] -- Up-to-date: /home/ljhua/robocon/ROBOCON2025/Lidar_Pointlio (jinhua)/unilidar_sdk2-2.0.4/unitree_lidar_ros2/install/unitree_lidar_ros2/lib/unitree_lidar_ros2/unitree_lidar_ros2_node
[0.105s] -- Up-to-date: /home/ljhua/robocon/ROBOCON2025/Lidar_Pointlio (jinhua)/unilidar_sdk2-2.0.4/unitree_lidar_ros2/install/unitree_lidar_ros2/share/unitree_lidar_ros2/view.rviz
[0.105s] -- Installing: /home/ljhua/robocon/ROBOCON2025/Lidar_Pointlio (jinhua)/unilidar_sdk2-2.0.4/unitree_lidar_ros2/install/unitree_lidar_ros2/share/unitree_lidar_ros2/launch.py
[0.105s] -- Up-to-date: /home/ljhua/robocon/ROBOCON2025/Lidar_Pointlio (jinhua)/unilidar_sdk2-2.0.4/unitree_lidar_ros2/install/unitree_lidar_ros2/share/ament_index/resource_index/package_run_dependencies/unitree_lidar_ros2
[0.105s] -- Up-to-date: /home/ljhua/robocon/ROBOCON2025/Lidar_Pointlio (jinhua)/unilidar_sdk2-2.0.4/unitree_lidar_ros2/install/unitree_lidar_ros2/share/ament_index/resource_index/parent_prefix_path/unitree_lidar_ros2
[0.106s] -- Up-to-date: /home/ljhua/robocon/ROBOCON2025/Lidar_Pointlio (jinhua)/unilidar_sdk2-2.0.4/unitree_lidar_ros2/install/unitree_lidar_ros2/share/unitree_lidar_ros2/environment/ament_prefix_path.sh
[0.106s] -- Up-to-date: /home/ljhua/robocon/ROBOCON2025/Lidar_Pointlio (jinhua)/unilidar_sdk2-2.0.4/unitree_lidar_ros2/install/unitree_lidar_ros2/share/unitree_lidar_ros2/environment/ament_prefix_path.dsv
[0.106s] -- Up-to-date: /home/ljhua/robocon/ROBOCON2025/Lidar_Pointlio (jinhua)/unilidar_sdk2-2.0.4/unitree_lidar_ros2/install/unitree_lidar_ros2/share/unitree_lidar_ros2/environment/path.sh
[0.106s] -- Up-to-date: /home/ljhua/robocon/ROBOCON2025/Lidar_Pointlio (jinhua)/unilidar_sdk2-2.0.4/unitree_lidar_ros2/install/unitree_lidar_ros2/share/unitree_lidar_ros2/environment/path.dsv
[0.106s] -- Up-to-date: /home/ljhua/robocon/ROBOCON2025/Lidar_Pointlio (jinhua)/unilidar_sdk2-2.0.4/unitree_lidar_ros2/install/unitree_lidar_ros2/share/unitree_lidar_ros2/local_setup.bash
[0.106s] -- Up-to-date: /home/ljhua/robocon/ROBOCON2025/Lidar_Pointlio (jinhua)/unilidar_sdk2-2.0.4/unitree_lidar_ros2/install/unitree_lidar_ros2/share/unitree_lidar_ros2/local_setup.sh
[0.106s] -- Up-to-date: /home/ljhua/robocon/ROBOCON2025/Lidar_Pointlio (jinhua)/unilidar_sdk2-2.0.4/unitree_lidar_ros2/install/unitree_lidar_ros2/share/unitree_lidar_ros2/local_setup.zsh
[0.106s] -- Up-to-date: /home/ljhua/robocon/ROBOCON2025/Lidar_Pointlio (jinhua)/unilidar_sdk2-2.0.4/unitree_lidar_ros2/install/unitree_lidar_ros2/share/unitree_lidar_ros2/local_setup.dsv
[0.106s] -- Installing: /home/ljhua/robocon/ROBOCON2025/Lidar_Pointlio (jinhua)/unilidar_sdk2-2.0.4/unitree_lidar_ros2/install/unitree_lidar_ros2/share/unitree_lidar_ros2/package.dsv
[0.106s] -- Up-to-date: /home/ljhua/robocon/ROBOCON2025/Lidar_Pointlio (jinhua)/unilidar_sdk2-2.0.4/unitree_lidar_ros2/install/unitree_lidar_ros2/share/ament_index/resource_index/packages/unitree_lidar_ros2
[0.107s] -- Up-to-date: /home/ljhua/robocon/ROBOCON2025/Lidar_Pointlio (jinhua)/unilidar_sdk2-2.0.4/unitree_lidar_ros2/install/unitree_lidar_ros2/share/unitree_lidar_ros2/cmake/unitree_lidar_ros2Config.cmake
[0.107s] -- Up-to-date: /home/ljhua/robocon/ROBOCON2025/Lidar_Pointlio (jinhua)/unilidar_sdk2-2.0.4/unitree_lidar_ros2/install/unitree_lidar_ros2/share/unitree_lidar_ros2/cmake/unitree_lidar_ros2Config-version.cmake
[0.107s] -- Up-to-date: /home/ljhua/robocon/ROBOCON2025/Lidar_Pointlio (jinhua)/unilidar_sdk2-2.0.4/unitree_lidar_ros2/install/unitree_lidar_ros2/share/unitree_lidar_ros2/package.xml
[0.108s] Invoked command in '/home/ljhua/robocon/ROBOCON2025/Lidar_Pointlio (jinhua)/unilidar_sdk2-2.0.4/unitree_lidar_ros2/build/unitree_lidar_ros2' returned '0': CMAKE_PREFIX_PATH=/opt/ros/humble /usr/bin/cmake --install /home/ljhua/robocon/ROBOCON2025/Lidar_Pointlio (jinhua)/unilidar_sdk2-2.0.4/unitree_lidar_ros2/build/unitree_lidar_ros2
