Component: ARM Compiler 5.06 update 7 (build 960) Tool: armlink [4d3601]

==============================================================================

Section Cross References

    startup_stm32f427xx.o(STACK) refers (Special) to heapauxi.o(.text) for __use_two_region_memory
    startup_stm32f427xx.o(HEAP) refers (Special) to heapauxi.o(.text) for __use_two_region_memory
    startup_stm32f427xx.o(RESET) refers (Special) to heapauxi.o(.text) for __use_two_region_memory
    startup_stm32f427xx.o(RESET) refers to startup_stm32f427xx.o(STACK) for __initial_sp
    startup_stm32f427xx.o(RESET) refers to startup_stm32f427xx.o(.text) for Reset_Handler
    startup_stm32f427xx.o(RESET) refers to stm32f4xx_it.o(i.NMI_Handler) for NMI_Handler
    startup_stm32f427xx.o(RESET) refers to stm32f4xx_it.o(i.HardFault_Handler) for HardFault_Handler
    startup_stm32f427xx.o(RESET) refers to stm32f4xx_it.o(i.MemManage_Handler) for MemManage_Handler
    startup_stm32f427xx.o(RESET) refers to stm32f4xx_it.o(i.BusFault_Handler) for BusFault_Handler
    startup_stm32f427xx.o(RESET) refers to stm32f4xx_it.o(i.UsageFault_Handler) for UsageFault_Handler
    startup_stm32f427xx.o(RESET) refers to stm32f4xx_it.o(i.SVC_Handler) for SVC_Handler
    startup_stm32f427xx.o(RESET) refers to stm32f4xx_it.o(i.DebugMon_Handler) for DebugMon_Handler
    startup_stm32f427xx.o(RESET) refers to stm32f4xx_it.o(i.PendSV_Handler) for PendSV_Handler
    startup_stm32f427xx.o(RESET) refers to stm32f4xx_it.o(i.SysTick_Handler) for SysTick_Handler
    startup_stm32f427xx.o(RESET) refers to stm32f4xx_it.o(i.DMA1_Stream5_IRQHandler) for DMA1_Stream5_IRQHandler
    startup_stm32f427xx.o(RESET) refers to stm32f4xx_it.o(i.DMA1_Stream6_IRQHandler) for DMA1_Stream6_IRQHandler
    startup_stm32f427xx.o(RESET) refers to stm32f4xx_it.o(i.CAN1_RX0_IRQHandler) for CAN1_RX0_IRQHandler
    startup_stm32f427xx.o(RESET) refers to stm32f4xx_it.o(i.CAN1_RX1_IRQHandler) for CAN1_RX1_IRQHandler
    startup_stm32f427xx.o(RESET) refers to stm32f4xx_it.o(i.USART2_IRQHandler) for USART2_IRQHandler
    startup_stm32f427xx.o(.text) refers (Special) to heapauxi.o(.text) for __use_two_region_memory
    startup_stm32f427xx.o(.text) refers to system_stm32f4xx.o(i.SystemInit) for SystemInit
    startup_stm32f427xx.o(.text) refers to __main.o(!!!main) for __main
    startup_stm32f427xx.o(.text) refers to startup_stm32f427xx.o(HEAP) for Heap_Mem
    startup_stm32f427xx.o(.text) refers to startup_stm32f427xx.o(STACK) for Stack_Mem
    main.o(i._Z18SystemClock_Configv) refers to rt_memclr_w.o(.text) for __aeabi_memclr4
    main.o(i._Z18SystemClock_Configv) refers to stm32f4xx_hal_rcc.o(i.HAL_RCC_OscConfig) for HAL_RCC_OscConfig
    main.o(i._Z18SystemClock_Configv) refers to main.o(i.Error_Handler) for Error_Handler
    main.o(i._Z18SystemClock_Configv) refers to stm32f4xx_hal_pwr_ex.o(i.HAL_PWREx_EnableOverDrive) for HAL_PWREx_EnableOverDrive
    main.o(i._Z18SystemClock_Configv) refers to stm32f4xx_hal_rcc.o(i.HAL_RCC_ClockConfig) for HAL_RCC_ClockConfig
    main.o(i._Z19CAN_Motor_Call_BackP20Struct_CAN_Rx_Buffer) refers to dvc_motor.o(i._ZN16Class_Motor_C62018CAN_RxCpltCallbackEPh) for Class_Motor_C620::CAN_RxCpltCallback(unsigned char*)
    main.o(i._Z19CAN_Motor_Call_BackP20Struct_CAN_Rx_Buffer) refers to main.o(.bss) for motor
    main.o(i._Z25UART_Serialplot_Call_BackPht) refers to dvc_serialplot.o(i._ZN16Class_Serialplot19UART_RxCpltCallbackEPh) for Class_Serialplot::UART_RxCpltCallback(unsigned char*)
    main.o(i._Z25UART_Serialplot_Call_BackPht) refers to dvc_serialplot.o(i._ZN16Class_Serialplot18Get_Variable_IndexEv) for Class_Serialplot::Get_Variable_Index()
    main.o(i._Z25UART_Serialplot_Call_BackPht) refers to dvc_serialplot.o(i._ZN16Class_Serialplot18Get_Variable_ValueEv) for Class_Serialplot::Get_Variable_Value()
    main.o(i._Z25UART_Serialplot_Call_BackPht) refers to d2f.o(x$fpl$d2f) for __aeabi_d2f
    main.o(i._Z25UART_Serialplot_Call_BackPht) refers to alg_pid.o(i._ZN9Class_PID7Set_K_PEf) for Class_PID::Set_K_P(float)
    main.o(i._Z25UART_Serialplot_Call_BackPht) refers to alg_pid.o(i._ZN9Class_PID7Set_K_IEf) for Class_PID::Set_K_I(float)
    main.o(i._Z25UART_Serialplot_Call_BackPht) refers to alg_pid.o(i._ZN9Class_PID7Set_K_DEf) for Class_PID::Set_K_D(float)
    main.o(i._Z25UART_Serialplot_Call_BackPht) refers to main.o(.bss) for serialplot
    main.o(i.__sti___6_main_c_18ce1bfb) refers to main.o(i._ZN16Class_Motor_C620C1Ev) for Class_Motor_C620::Class_Motor_C620()
    main.o(i.__sti___6_main_c_18ce1bfb) refers to main.o(.bss) for serialplot
    main.o(i.main) refers to stm32f4xx_hal.o(i.HAL_Init) for HAL_Init
    main.o(i.main) refers to main.o(i._Z18SystemClock_Configv) for SystemClock_Config()
    main.o(i.main) refers to gpio.o(i.MX_GPIO_Init) for MX_GPIO_Init
    main.o(i.main) refers to dma.o(i.MX_DMA_Init) for MX_DMA_Init
    main.o(i.main) refers to can.o(i.MX_CAN1_Init) for MX_CAN1_Init
[...]
    [local to stm32f4xx_hal_uart_c]::UART_DMAError(__DMA_HandleTypeDef*) 0x080037dd   Thumb Code    80  stm32f4xx_hal_uart.o(i._ZN42_INTERNAL_20_stm32f4xx_hal_uart_c_d497114f13UART_DMAErrorEP19__DMA_HandleTypeDef)
    i._ZN42_INTERNAL_20_stm32f4xx_hal_uart_c_d497114f14UART_SetConfigEP20__UART_HandleTypeDef 0x0800382c   Section        0  stm32f4xx_hal_uart.o(i._ZN42_INTERNAL_20_stm32f4xx_hal_uart_c_d497114f14UART_SetConfigEP20__UART_HandleTypeDef)
    [local to stm32f4xx_hal_uart_c]::UART_SetConfig(__UART_HandleTypeDef*) 0x0800382d   Thumb Code   546  stm32f4xx_hal_uart.o(i._ZN42_INTERNAL_20_stm32f4xx_hal_uart_c_d497114f14UART_SetConfigEP20__UART_HandleTypeDef)
    i._ZN42_INTERNAL_20_stm32f4xx_hal_uart_c_d497114f15UART_Receive_ITEP20__UART_HandleTypeDef 0x08003a58   Section        0  stm32f4xx_hal_uart.o(i._ZN42_INTERNAL_20_stm32f4xx_hal_uart_c_d497114f15UART_Receive_ITEP20__UART_HandleTypeDef)
    [local to stm32f4xx_hal_uart_c]::UART_Receive_IT(__UART_HandleTypeDef*) 0x08003a59   Thumb Code   248  stm32f4xx_hal_uart.o(i._ZN42_INTERNAL_20_stm32f4xx_hal_uart_c_d497114f15UART_Receive_ITEP20__UART_HandleTypeDef)
    i._ZN42_INTERNAL_20_stm32f4xx_hal_uart_c_d497114f16UART_Transmit_ITEP20__UART_HandleTypeDef 0x08003b50   Section        0  stm32f4xx_hal_uart.o(i._ZN42_INTERNAL_20_stm32f4xx_hal_uart_c_d497114f16UART_Transmit_ITEP20__UART_HandleTypeDef)
    [local to stm32f4xx_hal_uart_c]::UART_Transmit_IT(__UART_HandleTypeDef*) 0x08003b51   Thumb Code    96  stm32f4xx_hal_uart.o(i._ZN42_INTERNAL_20_stm32f4xx_hal_uart_c_d497114f16UART_Transmit_ITEP20__UART_HandleTypeDef)
    i._ZN42_INTERNAL_20_stm32f4xx_hal_uart_c_d497114f18UART_DMARxHalfCpltEP19__DMA_HandleTypeDef 0x08003bb0   Section        0  stm32f4xx_hal_uart.o(i._ZN42_INTERNAL_20_stm32f4xx_hal_uart_c_d497114f18UART_DMARxHalfCpltEP19__DMA_HandleTypeDef)
    [local to stm32f4xx_hal_uart_c]::UART_DMARxHalfCplt(__DMA_HandleTypeDef*) 0x08003bb1   Thumb Code    32  stm32f4xx_hal_uart.o(i._ZN42_INTERNAL_20_stm32f4xx_hal_uart_c_d497114f18UART_DMARxHalfCpltEP19__DMA_HandleTypeDef)
    i._ZN42_INTERNAL_20_stm32f4xx_hal_uart_c_d497114f18UART_DMATxHalfCpltEP19__DMA_HandleTypeDef 0x08003bd0   Section        0  stm32f4xx_hal_uart.o(i._ZN42_INTERNAL_20_stm32f4xx_hal_uart_c_d497114f18UART_DMATxHalfCpltEP19__DMA_HandleTypeDef)
    [local to stm32f4xx_hal_uart_c]::UART_DMATxHalfCplt(__DMA_HandleTypeDef*) 0x08003bd1   Thumb Code    14  stm32f4xx_hal_uart.o(i._ZN42_INTERNAL_20_stm32f4xx_hal_uart_c_d497114f18UART_DMATxHalfCpltEP19__DMA_HandleTypeDef)
    i._ZN42_INTERNAL_20_stm32f4xx_hal_uart_c_d497114f18UART_EndRxTransferEP20__UART_HandleTypeDef 0x08003bde   Section        0  stm32f4xx_hal_uart.o(i._ZN42_INTERNAL_20_stm32f4xx_hal_uart_c_d497114f18UART_EndRxTransferEP20__UART_HandleTypeDef)
    [local to stm32f4xx_hal_uart_c]::UART_EndRxTransfer(__UART_HandleTypeDef*) 0x08003bdf   Thumb Code   108  stm32f4xx_hal_uart.o(i._ZN42_INTERNAL_20_stm32f4xx_hal_uart_c_d497114f18UART_EndRxTransferEP20__UART_HandleTypeDef)
    i._ZN42_INTERNAL_20_stm32f4xx_hal_uart_c_d497114f18UART_EndTxTransferEP20__UART_HandleTypeDef 0x08003c4a   Section        0  stm32f4xx_hal_uart.o(i._ZN42_INTERNAL_20_stm32f4xx_hal_uart_c_d497114f18UART_EndTxTransferEP20__UART_HandleTypeDef)
    [local to stm32f4xx_hal_uart_c]::UART_EndTxTransfer(__UART_HandleTypeDef*) 0x08003c4b   Thumb Code    38  stm32f4xx_hal_uart.o(i._ZN42_INTERNAL_20_stm32f4xx_hal_uart_c_d497114f18UART_EndTxTransferEP20__UART_HandleTypeDef)
    i._ZN42_INTERNAL_20_stm32f4xx_hal_uart_c_d497114f19UART_DMAReceiveCpltEP19__DMA_HandleTypeDef 0x08003c70   Section        0  stm32f4xx_hal_uart.o(i._ZN42_INTERNAL_20_stm32f4xx_hal_uart_c_d497114f19UART_DMAReceiveCpltEP19__DMA_HandleTypeDef)
    [local to stm32f4xx_hal_uart_c]::UART_DMAReceiveCplt(__DMA_HandleTypeDef*) 0x08003c71   Thumb Code   176  stm32f4xx_hal_uart.o(i._ZN42_INTERNAL_20_stm32f4xx_hal_uart_c_d497114f19UART_DMAReceiveCpltEP19__DMA_HandleTypeDef)
    i._ZN42_INTERNAL_20_stm32f4xx_hal_uart_c_d497114f19UART_EndTransmit_ITEP20__UART_HandleTypeDef 0x08003d20   Section        0  stm32f4xx_hal_uart.o(i._ZN42_INTERNAL_20_stm32f4xx_hal_uart_c_d497114f19UART_EndTransmit_ITEP20__UART_HandleTypeDef)
    [local to stm32f4xx_hal_uart_c]::UART_EndTransmit_IT(__UART_HandleTypeDef*) 0x08003d21   Thumb Code    32  stm32f4xx_hal_uart.o(i._ZN42_INTERNAL_20_stm32f4xx_hal_uart_c_d497114f19UART_EndTransmit_ITEP20__UART_HandleTypeDef)
    i._ZN42_INTERNAL_20_stm32f4xx_hal_uart_c_d497114f20UART_DMAAbortOnErrorEP19__DMA_HandleTypeDef 0x08003d40   Section        0  stm32f4xx_hal_uart.o(i._ZN42_INTERNAL_20_stm32f4xx_hal_uart_c_d497114f20UART_DMAAbortOnErrorEP19__DMA_HandleTypeDef)
    [local to stm32f4xx_hal_uart_c]::UART_DMAAbortOnError(__DMA_HandleTypeDef*) 0x08003d41   Thumb Code    20  stm32f4xx_hal_uart.o(i._ZN42_INTERNAL_20_stm32f4xx_hal_uart_c_d497114f20UART_DMAAbortOnErrorEP19__DMA_HandleTypeDef)
    i._ZN42_INTERNAL_20_stm32f4xx_hal_uart_c_d497114f20UART_DMATransmitCpltEP19__DMA_HandleTypeDef 0x08003d54   Section        0  stm32f4xx_hal_uart.o(i._ZN42_INTERNAL_20_stm32f4xx_hal_uart_c_d497114f20UART_DMATransmitCpltEP19__DMA_HandleTypeDef)
    [local to stm32f4xx_hal_uart_c]::UART_DMATransmitCplt(__DMA_HandleTypeDef*) 0x08003d55   Thumb Code    88  stm32f4xx_hal_uart.o(i._ZN42_INTERNAL_20_stm32f4xx_hal_uart_c_d497114f20UART_DMATransmitCpltEP19__DMA_HandleTypeDef)
    i._ZN44_INTERNAL_22_stm32f4xx_hal_cortex_c_2992dbc018__NVIC_SetPriorityE9IRQn_Typej 0x08003dac   Section        0  stm32f4xx_hal_cortex.o(i._ZN44_INTERNAL_22_stm32f4xx_hal_cortex_c_2992dbc018__NVIC_SetPriorityE9IRQn_Typej)
    [local to stm32f4xx_hal_cortex_c]::__NVIC_SetPriority(IRQn_Type, unsigned) 0x08003dad   Thumb Code    32  stm32f4xx_hal_cortex.o(i._ZN44_INTERNAL_22_stm32f4xx_hal_cortex_c_2992dbc018__NVIC_SetPriorityE9IRQn_Typej)
    i._ZN44_INTERNAL_22_stm32f4xx_hal_cortex_c_2992dbc026__NVIC_GetPriorityGroupingEv 0x08003dd4   Section        0  stm32f4xx_hal_cortex.o(i._ZN44_INTERNAL_22_stm32f4xx_hal_cortex_c_2992dbc026__NVIC_GetPriorityGroupingEv)
    [local to stm32f4xx_hal_cortex_c]::__NVIC_GetPriorityGrouping() 0x08003dd5   Thumb Code    10  stm32f4xx_hal_cortex.o(i._ZN44_INTERNAL_22_stm32f4xx_hal_cortex_c_2992dbc026__NVIC_GetPriorityGroupingEv)
    i._ZN9Class_PID10Set_TargetEf            0x08003de4   Section        0  alg_pid.o(i._ZN9Class_PID10Set_TargetEf)
    i._ZN9Class_PID32TIM_Adjust_PeriodElapsedCallbackEv 0x08003dec   Section        0  alg_pid.o(i._ZN9Class_PID32TIM_Adjust_PeriodElapsedCallbackEv)
    i._ZN9Class_PID4InitEfffffffffff16Enum_PID_D_First 0x08004060   Section        0  alg_pid.o(i._ZN9Class_PID4InitEfffffffffff16Enum_PID_D_First)
    i._ZN9Class_PID7Get_OutEv                0x08004090   Section        0  alg_pid.o(i._ZN9Class_PID7Get_OutEv)
    i._ZN9Class_PID7Set_K_DEf                0x08004096   Section        0  alg_pid.o(i._ZN9Class_PID7Set_K_DEf)
    i._ZN9Class_PID7Set_K_IEf                0x0800409c   Section        0  alg_pid.o(i._ZN9Class_PID7Set_K_IEf)
    i._ZN9Class_PID7Set_K_PEf                0x080040a2   Section        0  alg_pid.o(i._ZN9Class_PID7Set_K_PEf)
    i._ZN9Class_PID7Set_NowEf                0x080040a8   Section        0  alg_pid.o(i._ZN9Class_PID7Set_NowEf)
    i._ZN9Class_PIDC1Ev                      0x080040b0   Section        0  main.o(i._ZN9Class_PIDC1Ev)
    i.__ARM_fpclassifyf                      0x08004140   Section        0  fpclassifyf.o(i.__ARM_fpclassifyf)
    i.__hardfp_powf                          0x08004168   Section        0  powf.o(i.__hardfp_powf)
    i.__mathlib_flt_divzero                  0x080047cc   Section        0  funder.o(i.__mathlib_flt_divzero)
    i.__mathlib_flt_infnan2                  0x080047e0   Section        0  funder.o(i.__mathlib_flt_infnan2)
    i.__mathlib_flt_invalid                  0x080047e8   Section        0  funder.o(i.__mathlib_flt_invalid)
    i.__mathlib_flt_overflow                 0x080047f8   Section        0  funder.o(i.__mathlib_flt_overflow)
    i.__mathlib_flt_underflow                0x08004808   Section        0  funder.o(i.__mathlib_flt_underflow)
    i.__sti___6_main_c_18ce1bfb              0x08004818   Section        0  main.o(i.__sti___6_main_c_18ce1bfb)
    __sti___6_main_c_18ce1bfb                0x08004819   Thumb Code    30  main.o(i.__sti___6_main_c_18ce1bfb)
    i.main                                   0x08004844   Section        0  main.o(i.main)
    t._Z14Math_ConstrainIfEvPT_S0_S0_        0x080049f8   Section        0  alg_pid.o(t._Z14Math_ConstrainIfEvPT_S0_S0_)
    t._Z8Math_AbsIfET_S0_                    0x08004a20   Section        0  drv_math.o(t._Z8Math_AbsIfET_S0_)
    x$fpl$d2f                                0x08004a3c   Section       98  d2f.o(x$fpl$d2f)
    $v0                                      0x08004a3c   Number         0  d2f.o(x$fpl$d2f)
    x$fpl$dnaninf                            0x08004a9e   Section      156  dnaninf.o(x$fpl$dnaninf)
    $v0                                      0x08004a9e   Number         0  dnaninf.o(x$fpl$dnaninf)
    x$fpl$dretinf                            0x08004b3a   Section       12  dretinf.o(x$fpl$dretinf)
    $v0                                      0x08004b3a   Number         0  dretinf.o(x$fpl$dretinf)
    x$fpl$f2d                                0x08004b48   Section       86  f2d.o(x$fpl$f2d)
    $v0                                      0x08004b48   Number         0  f2d.o(x$fpl$f2d)
    x$fpl$fnaninf                            0x08004b9e   Section      140  fnaninf.o(x$fpl$fnaninf)
    $v0                                      0x08004b9e   Number         0  fnaninf.o(x$fpl$fnaninf)
    x$fpl$fpinit                             0x08004c2a   Section       10  fpinit.o(x$fpl$fpinit)
    $v0                                      0x08004c2a   Number         0  fpinit.o(x$fpl$fpinit)
    x$fpl$fretinf                            0x08004c34   Section       10  fretinf.o(x$fpl$fretinf)
    $v0                                      0x08004c34   Number         0  fretinf.o(x$fpl$fretinf)
    .constdata                               0x08004c3e   Section        8  stm32f4xx_hal_dma.o(.constdata)
    x$fpl$usenofp                            0x08004c3e   Section        0  usenofp.o(x$fpl$usenofp)
    [local to stm32f4xx_hal_dma_c]::DMA_CalcBaseAndBitshift(__DMA_HandleTypeDef*)::flagBitshiftOffset 0x08004c3e   Data           8  stm32f4xx_hal_dma.o(.constdata)
    .constdata                               0x08004c46   Section       24  system_stm32f4xx.o(.constdata)
    .constdata                               0x08004c60   Section      320  powf.o(.constdata)
    table                                    0x08004c60   Data         128  powf.o(.constdata)
    powersof2to1over16top                    0x08004ce0   Data          64  powf.o(.constdata)
    powersof2to1over16bot                    0x08004d20   Data          64  powf.o(.constdata)
    powersof2to1over16all                    0x08004d60   Data          64  powf.o(.constdata)
    .init_array                              0x08004dc0   Section        4  main.o(.init_array)
    .init_array                              0x08004dc4   Section        0  init_aeabi.o(.init_array)
    .data                                    0x20000000   Section      620  main.o(.data)
    Variable_Assignment_List                 0x20000014   Data         600  main.o(.data)
    .data                                    0x2000026c   Section       60  drv_can.o(.data)
    TIM_CAN_PeriodElapsedCallback()::mod10   0x200002a4   Data           4  drv_can.o(.data)
    .data                                    0x200002a8   Section        9  stm32f4xx_hal.o(.data)
    .data                                    0x200002b4   Section        4  system_stm32f4xx.o(.data)
    .bss                                     0x200002b8   Section      320  main.o(.bss)
    .bss                                     0x200003f8   Section       40  can.o(.bss)
    .bss                                     0x20000420   Section      260  usart.o(.bss)
    .bss                                     0x20000524   Section     4192  drv_uart.o(.bss)
    .bss                                     0x20001584   Section       88  drv_can.o(.bss)
    .bss                                     0x200015dc   Section       96  libspace.o(.bss)
    HEAP                                     0x20001640   Section      512  startup_stm32f427xx.o(HEAP)
    Heap_Mem                                 0x20001640   Data         512  startup_stm32f427xx.o(HEAP)
    STACK                                    0x20001840   Section     1024  startup_stm32f427xx.o(STACK)
    Stack_Mem                                0x20001840   Data        1024  startup_stm32f427xx.o(STACK)
    __initial_sp                             0x20001c40   Data           0  startup_stm32f427xx.o(STACK)

    Global Symbols

    Symbol Name                              Value     Ov Type        Size  Object(Section)

    BuildAttributes$$THM_ISAv4$E$P$D$K$B$S$7EM$VFPi3$EXTD16$VFPS$VFMA$PE$A:L22UL41UL21$X:L11$S22US41US21$IEEE1$IW$USESV6$~STKCKD$USESV7$~SHL$OTIME$ROPI$IEEEX$EBA8$UX$STANDARDLIB$REQ8$PRES8$EABIv2 0x00000000   Number         0  anon$$obj.o ABSOLUTE
    __ARM_use_no_argv                        0x00000000   Number         0  main.o ABSOLUTE
    __ARM_exceptions_init                     - Undefined Weak Reference
    __alloca_initialize                       - Undefined Weak Reference
    __arm_fini_                               - Undefined Weak Reference
    __arm_preinit_                            - Undefined Weak Reference
    __cxa_finalize                            - Undefined Weak Reference
    __rt_locale                               - Undefined Weak Reference
    __sigvec_lookup                           - Undefined Weak Reference
    _atexit_init                              - Undefined Weak Reference
    _call_atexit_fns                          - Undefined Weak Reference
    _clock_init                               - Undefined Weak Reference
    _fp_trap_init                             - Undefined Weak Reference
    _fp_trap_shutdown                         - Undefined Weak Reference
    _get_lc_collate                           - Undefined Weak Reference
    _get_lc_ctype                             - Undefined Weak Reference
    _get_lc_monetary                          - Undefined Weak Reference
    _get_lc_numeric                           - Undefined Weak Reference
    _get_lc_time                              - Undefined Weak Reference
    _getenv_init                              - Undefined Weak Reference
    _handle_redirection                       - Undefined Weak Reference
    _init_alloc                               - Undefined Weak Reference
    _init_user_alloc                          - Undefined Weak Reference
    _initio                                   - Undefined Weak Reference
    _rand_init                                - Undefined Weak Reference
    _signal_finish                            - Undefined Weak Reference
    _signal_init                              - Undefined Weak Reference
    _terminate_alloc                          - Undefined Weak Reference
    _terminate_user_alloc                     - Undefined Weak Reference
    _terminateio                              - Undefined Weak Reference
    __Vectors_Size                           0x000001ac   Number         0  startup_stm32f427xx.o ABSOLUTE
    __Vectors                                0x08000000   Data           4  startup_stm32f427xx.o(RESET)
    __Vectors_End                            0x080001ac   Data           0  startup_stm32f427xx.o(RESET)
    __main                                   0x080001ad   Thumb Code     8  __main.o(!!!main)
    __scatterload                            0x080001b5   Thumb Code     0  __scatter.o(!!!scatter)
    __scatterload_rt2                        0x080001b5   Thumb Code    44  __scatter.o(!!!scatter)
    __scatterload_rt2_thumb_only             0x080001b5   Thumb Code     0  __scatter.o(!!!scatter)
    __scatterload_null                       0x080001c3   Thumb Code     0  __scatter.o(!!!scatter)
    __decompress                             0x080001e9   Thumb Code    58  __dczerorl.o(!!dczerorl)
    __decompress0                            0x080001e9   Thumb Code     0  __dczerorl.o(!!dczerorl)
    __scatterload_zeroinit                   0x08000225   Thumb Code    28  __scatter_zi.o(!!handler_zi)
    __rt_lib_init                            0x08000241   Thumb Code     0  libinit.o(.ARM.Collect$$libinit$$00000000)
    __rt_lib_init_fp_1                       0x08000243   Thumb Code     0  libinit2.o(.ARM.Collect$$libinit$$00000001)
    __rt_lib_init_alloca_1                   0x08000247   Thumb Code     0  libinit2.o(.ARM.Collect$$libinit$$0000002E)
    __rt_lib_init_argv_1                     0x08000247   Thumb Code     0  libinit2.o(.ARM.Collect$$libinit$$0000002C)
    __rt_lib_init_atexit_1                   0x08000247   Thumb Code     0  libinit2.o(.ARM.Collect$$libinit$$0000001B)
    __rt_lib_init_clock_1                    0x08000247   Thumb Code     0  libinit2.o(.ARM.Collect$$libinit$$00000021)
    __rt_lib_init_cpp_2                      0x08000247   Thumb Code     0  libinit2.o(.ARM.Collect$$libinit$$00000031)
    __rt_lib_init_exceptions_1               0x08000247   Thumb Code     0  libinit2.o(.ARM.Collect$$libinit$$00000030)
    __rt_lib_init_fp_trap_1                  0x08000247   Thumb Code     0  libinit2.o(.ARM.Collect$$libinit$$0000001F)
    __rt_lib_init_getenv_1                   0x08000247   Thumb Code     0  libinit2.o(.ARM.Collect$$libinit$$00000023)
    __rt_lib_init_heap_1                     0x08000247   Thumb Code     0  libinit2.o(.ARM.Collect$$libinit$$0000000A)
    __rt_lib_init_lc_collate_1               0x08000247   Thumb Code     0  libinit2.o(.ARM.Collect$$libinit$$00000011)
    __rt_lib_init_lc_ctype_1                 0x08000247   Thumb Code     0  libinit2.o(.ARM.Collect$$libinit$$00000013)
    __rt_lib_init_lc_monetary_1              0x08000247   Thumb Code     0  libinit2.o(.ARM.Collect$$libinit$$00000015)
    __rt_lib_init_lc_numeric_1               0x08000247   Thumb Code     0  libinit2.o(.ARM.Collect$$libinit$$00000017)
    __rt_lib_init_lc_time_1                  0x08000247   Thumb Code     0  libinit2.o(.ARM.Collect$$libinit$$00000019)
    __rt_lib_init_preinit_1                  0x08000247   Thumb Code     0  libinit2.o(.ARM.Collect$$libinit$$00000004)
    __rt_lib_init_rand_1                     0x08000247   Thumb Code     0  libinit2.o(.ARM.Collect$$libinit$$0000000E)
    __rt_lib_init_signal_1                   0x08000247   Thumb Code     0  libinit2.o(.ARM.Collect$$libinit$$0000001D)
    __rt_lib_init_stdio_1                    0x08000247   Thumb Code     0  libinit2.o(.ARM.Collect$$libinit$$00000025)
    __rt_lib_init_user_alloc_1               0x08000247   Thumb Code     0  libinit2.o(.ARM.Collect$$libinit$$0000000C)
    __rt_lib_init_cpp_1                      0x0800024b   Thumb Code     0  libinit2.o(.ARM.Collect$$libinit$$00000032)
    __rt_lib_init_return                     0x0800024b   Thumb Code     0  libinit2.o(.ARM.Collect$$libinit$$00000033)
    __rt_lib_shutdown                        0x0800024d   Thumb Code     0  libshutdown.o(.ARM.Collect$$libshutdown$$00000000)
    __rt_lib_shutdown_cpp_1                  0x0800024f   Thumb Code     0  libshutdown2.o(.ARM.Collect$$libshutdown$$00000004)
    __rt_lib_shutdown_fini_1                 0x0800024f   Thumb Code     0  libshutdown2.o(.ARM.Collect$$libshutdown$$00000002)
    __rt_lib_shutdown_fp_trap_1              0x0800024f   Thumb Code     0  libshutdown2.o(.ARM.Collect$$libshutdown$$00000009)
    __rt_lib_shutdown_heap_1                 0x0800024f   Thumb Code     0  libshutdown2.o(.ARM.Collect$$libshutdown$$00000011)
    __rt_lib_shutdown_return                 0x0800024f   Thumb Code     0  libshutdown2.o(.ARM.Collect$$libshutdown$$00000012)
    __rt_lib_shutdown_signal_1               0x0800024f   Thumb Code     0  libshutdown2.o(.ARM.Collect$$libshutdown$$0000000C)
    __rt_lib_shutdown_stdio_1                0x0800024f   Thumb Code     0  libshutdown2.o(.ARM.Collect$$libshutdown$$00000006)
    __rt_lib_shutdown_user_alloc_1           0x0800024f   Thumb Code     0  libshutdown2.o(.ARM.Collect$$libshutdown$$0000000E)
    __rt_entry                               0x08000251   Thumb Code     0  __rtentry.o(.ARM.Collect$$rtentry$$00000000)
    __rt_entry_presh_1                       0x08000251   Thumb Code     0  __rtentry2.o(.ARM.Collect$$rtentry$$00000002)
    __rt_entry_sh                            0x08000251   Thumb Code     0  __rtentry4.o(.ARM.Collect$$rtentry$$00000004)
    __rt_entry_li                            0x08000257   Thumb Code     0  __rtentry2.o(.ARM.Collect$$rtentry$$0000000A)
    __rt_entry_postsh_1                      0x08000257   Thumb Code     0  __rtentry2.o(.ARM.Collect$$rtentry$$00000009)
    __rt_entry_main                          0x0800025b   Thumb Code     0  __rtentry2.o(.ARM.Collect$$rtentry$$0000000D)
    __rt_entry_postli_1                      0x0800025b   Thumb Code     0  __rtentry2.o(.ARM.Collect$$rtentry$$0000000C)
    __rt_exit                                0x08000263   Thumb Code     0  rtexit.o(.ARM.Collect$$rtexit$$00000000)
    __rt_exit_ls                             0x08000265   Thumb Code     0  rtexit2.o(.ARM.Collect$$rtexit$$00000003)
    __rt_exit_prels_1                        0x08000265   Thumb Code     0  rtexit2.o(.ARM.Collect$$rtexit$$00000002)
    __rt_exit_exit                           0x08000269   Thumb Code     0  rtexit2.o(.ARM.Collect$$rtexit$$00000004)
    Reset_Handler                            0x08000271   Thumb Code     8  startup_stm32f427xx.o(.text)
    ADC_IRQHandler                           0x0800028b   Thumb Code     0  startup_stm32f427xx.o(.text)
    CAN1_SCE_IRQHandler                      0x0800028b   Thumb Code     0  startup_stm32f427xx.o(.text)
    CAN1_TX_IRQHandler                       0x0800028b   Thumb Code     0  startup_stm32f427xx.o(.text)
    CAN2_RX0_IRQHandler                      0x0800028b   Thumb Code     0  startup_stm32f427xx.o(.text)
    CAN2_RX1_IRQHandler                      0x0800028b   Thumb Code     0  startup_stm32f427xx.o(.text)
    CAN2_SCE_IRQHandler                      0x0800028b   Thumb Code     0  startup_stm32f427xx.o(.text)
    CAN2_TX_IRQHandler                       0x0800028b   Thumb Code     0  startup_stm32f427xx.o(.text)
    DCMI_IRQHandler                          0x0800028b   Thumb Code     0  startup_stm32f427xx.o(.text)
    DMA1_Stream0_IRQHandler                  0x0800028b   Thumb Code     0  startup_stm32f427xx.o(.text)
    DMA1_Stream1_IRQHandler                  0x0800028b   Thumb Code     0  startup_stm32f427xx.o(.text)
    DMA1_Stream2_IRQHandler                  0x0800028b   Thumb Code     0  startup_stm32f427xx.o(.text)
    DMA1_Stream3_IRQHandler                  0x0800028b   Thumb Code     0  startup_stm32f427xx.o(.text)
    DMA1_Stream4_IRQHandler                  0x0800028b   Thumb Code     0  startup_stm32f427xx.o(.text)
    DMA1_Stream7_IRQHandler                  0x0800028b   Thumb Code     0  startup_stm32f427xx.o(.text)
    DMA2D_IRQHandler                         0x0800028b   Thumb Code     0  startup_stm32f427xx.o(.text)
    DMA2_Stream0_IRQHandler                  0x0800028b   Thumb Code     0  startup_stm32f427xx.o(.text)
    DMA2_Stream1_IRQHandler                  0x0800028b   Thumb Code     0  startup_stm32f427xx.o(.text)
    DMA2_Stream2_IRQHandler                  0x0800028b   Thumb Code     0  startup_stm32f427xx.o(.text)
    DMA2_Stream3_IRQHandler                  0x0800028b   Thumb Code     0  startup_stm32f427xx.o(.text)
    DMA2_Stream4_IRQHandler                  0x0800028b   Thumb Code     0  startup_stm32f427xx.o(.text)
    DMA2_Stream5_IRQHandler                  0x0800028b   Thumb Code     0  startup_stm32f427xx.o(.text)
    DMA2_Stream6_IRQHandler                  0x0800028b   Thumb Code     0  startup_stm32f427xx.o(.text)
    DMA2_Stream7_IRQHandler                  0x0800028b   Thumb Code     0  startup_stm32f427xx.o(.text)
    ETH_IRQHandler                           0x0800028b   Thumb Code     0  startup_stm32f427xx.o(.text)
    ETH_WKUP_IRQHandler                      0x0800028b   Thumb Code     0  startup_stm32f427xx.o(.text)
    EXTI0_IRQHandler                         0x0800028b   Thumb Code     0  startup_stm32f427xx.o(.text)
    EXTI15_10_IRQHandler                     0x0800028b   Thumb Code     0  startup_stm32f427xx.o(.text)
    EXTI1_IRQHandler                         0x0800028b   Thumb Code     0  startup_stm32f427xx.o(.text)
    EXTI2_IRQHandler                         0x0800028b   Thumb Code     0  startup_stm32f427xx.o(.text)
    EXTI3_IRQHandler                         0x0800028b   Thumb Code     0  startup_stm32f427xx.o(.text)
    EXTI4_IRQHandler                         0x0800028b   Thumb Code     0  startup_stm32f427xx.o(.text)
    EXTI9_5_IRQHandler                       0x0800028b   Thumb Code     0  startup_stm32f427xx.o(.text)
    FLASH_IRQHandler                         0x0800028b   Thumb Code     0  startup_stm32f427xx.o(.text)
    FMC_IRQHandler                           0x0800028b   Thumb Code     0  startup_stm32f427xx.o(.text)
    FPU_IRQHandler                           0x0800028b   Thumb Code     0  startup_stm32f427xx.o(.text)
    HASH_RNG_IRQHandler                      0x0800028b   Thumb Code     0  startup_stm32f427xx.o(.text)
    I2C1_ER_IRQHandler                       0x0800028b   Thumb Code     0  startup_stm32f427xx.o(.text)
    I2C1_EV_IRQHandler                       0x0800028b   Thumb Code     0  startup_stm32f427xx.o(.text)
    I2C2_ER_IRQHandler                       0x0800028b   Thumb Code     0  startup_stm32f427xx.o(.text)
    I2C2_EV_IRQHandler                       0x0800028b   Thumb Code     0  startup_stm32f427xx.o(.text)
    I2C3_ER_IRQHandler                       0x0800028b   Thumb Code     0  startup_stm32f427xx.o(.text)
    I2C3_EV_IRQHandler                       0x0800028b   Thumb Code     0  startup_stm32f427xx.o(.text)
    OTG_FS_IRQHandler                        0x0800028b   Thumb Code     0  startup_stm32f427xx.o(.text)
    OTG_FS_WKUP_IRQHandler                   0x0800028b   Thumb Code     0  startup_stm32f427xx.o(.text)
    OTG_HS_EP1_IN_IRQHandler                 0x0800028b   Thumb Code     0  startup_stm32f427xx.o(.text)
    OTG_HS_EP1_OUT_IRQHandler                0x0800028b   Thumb Code     0  startup_stm32f427xx.o(.text)
    OTG_HS_IRQHandler                        0x0800028b   Thumb Code     0  startup_stm32f427xx.o(.text)
    OTG_HS_WKUP_IRQHandler                   0x0800028b   Thumb Code     0  startup_stm32f427xx.o(.text)
    PVD_IRQHandler                           0x0800028b   Thumb Code     0  startup_stm32f427xx.o(.text)
    RCC_IRQHandler                           0x0800028b   Thumb Code     0  startup_stm32f427xx.o(.text)
    RTC_Alarm_IRQHandler                     0x0800028b   Thumb Code     0  startup_stm32f427xx.o(.text)
    RTC_WKUP_IRQHandler                      0x0800028b   Thumb Code     0  startup_stm32f427xx.o(.text)
    SAI1_IRQHandler                          0x0800028b   Thumb Code     0  startup_stm32f427xx.o(.text)
    SDIO_IRQHandler                          0x0800028b   Thumb Code     0  startup_stm32f427xx.o(.text)
    SPI1_IRQHandler                          0x0800028b   Thumb Code     0  startup_stm32f427xx.o(.text)
    SPI2_IRQHandler                          0x0800028b   Thumb Code     0  startup_stm32f427xx.o(.text)
    SPI3_IRQHandler                          0x0800028b   Thumb Code     0  startup_stm32f427xx.o(.text)
    SPI4_IRQHandler                          0x0800028b   Thumb Code     0  startup_stm32f427xx.o(.text)
    SPI5_IRQHandler                          0x0800028b   Thumb Code     0  startup_stm32f427xx.o(.text)
    SPI6_IRQHandler                          0x0800028b   Thumb Code     0  startup_stm32f427xx.o(.text)
    TAMP_STAMP_IRQHandler                    0x0800028b   Thumb Code     0  startup_stm32f427xx.o(.text)
    TIM1_BRK_TIM9_IRQHandler                 0x0800028b   Thumb Code     0  startup_stm32f427xx.o(.text)
    TIM1_CC_IRQHandler                       0x0800028b   Thumb Code     0  startup_stm32f427xx.o(.text)
    TIM1_TRG_COM_TIM11_IRQHandler            0x0800028b   Thumb Code     0  startup_stm32f427xx.o(.text)
    TIM1_UP_TIM10_IRQHandler                 0x0800028b   Thumb Code     0  startup_stm32f427xx.o(.text)
    TIM2_IRQHandler                          0x0800028b   Thumb Code     0  startup_stm32f427xx.o(.text)
    TIM3_IRQHandler                          0x0800028b   Thumb Code     0  startup_stm32f427xx.o(.text)
    TIM4_IRQHandler                          0x0800028b   Thumb Code     0  startup_stm32f427xx.o(.text)
    TIM5_IRQHandler                          0x0800028b   Thumb Code     0  startup_stm32f427xx.o(.text)
    TIM6_DAC_IRQHandler                      0x0800028b   Thumb Code     0  startup_stm32f427xx.o(.text)
    TIM7_IRQHandler                          0x0800028b   Thumb Code     0  startup_stm32f427xx.o(.text)
    TIM8_BRK_TIM12_IRQHandler                0x0800028b   Thumb Code     0  startup_stm32f427xx.o(.text)
    TIM8_CC_IRQHandler                       0x0800028b   Thumb Code     0  startup_stm32f427xx.o(.text)
    TIM8_TRG_COM_TIM14_IRQHandler            0x0800028b   Thumb Code     0  startup_stm32f427xx.o(.text)
    TIM8_UP_TIM13_IRQHandler                 0x0800028b   Thumb Code     0  startup_stm32f427xx.o(.text)
    UART4_IRQHandler                         0x0800028b   Thumb Code     0  startup_stm32f427xx.o(.text)
    UART5_IRQHandler                         0x0800028b   Thumb Code     0  startup_stm32f427xx.o(.text)
    UART7_IRQHandler                         0x0800028b   Thumb Code     0  startup_stm32f427xx.o(.text)
    UART8_IRQHandler                         0x0800028b   Thumb Code     0  startup_stm32f427xx.o(.text)
    USART1_IRQHandler                        0x0800028b   Thumb Code     0  startup_stm32f427xx.o(.text)
    USART3_IRQHandler                        0x0800028b   Thumb Code     0  startup_stm32f427xx.o(.text)
    USART6_IRQHandler                        0x0800028b   Thumb Code     0  startup_stm32f427xx.o(.text)
    WWDG_IRQHandler                          0x0800028b   Thumb Code     0  startup_stm32f427xx.o(.text)
    __user_initial_stackheap                 0x0800028d   Thumb Code     0  startup_stm32f427xx.o(.text)
    __aeabi_uldivmod                         0x080002b1   Thumb Code     0  lludivv7m.o(.text)
    _ll_udiv                                 0x080002b1   Thumb Code   238  lludivv7m.o(.text)
    __aeabi_memclr4                          0x0800039f   Thumb Code     0  rt_memclr_w.o(.text)
    __aeabi_memclr8                          0x0800039f   Thumb Code     0  rt_memclr_w.o(.text)
    __rt_memclr_w                            0x0800039f   Thumb Code    78  rt_memclr_w.o(.text)
    _memset_w                                0x080003a3   Thumb Code     0  rt_memclr_w.o(.text)
    strcmp                                   0x080003ed   Thumb Code   128  strcmpv7m.o(.text)
    __use_two_region_memory                  0x0800046d   Thumb Code     2  heapauxi.o(.text)
    __rt_heap_escrow$2region                 0x0800046f   Thumb Code     2  heapauxi.o(.text)
    __rt_heap_expand$2region                 0x08000471   Thumb Code     2  heapauxi.o(.text)
    __cpp_initialize__aeabi_                 0x08000475   Thumb Code    26  init_aeabi.o(.text)
    __read_errno                             0x08000499   Thumb Code    10  _rserrno.o(.text)
    __set_errno                              0x080004a3   Thumb Code    12  _rserrno.o(.text)
    __aeabi_errno_addr                       0x080004b1   Thumb Code     8  rt_errno_addr_intlibspace.o(.text)
    __errno$intlibspace                      0x080004b1   Thumb Code     0  rt_errno_addr_intlibspace.o(.text)
    __rt_errno_addr$intlibspace              0x080004b1   Thumb Code     0  rt_errno_addr_intlibspace.o(.text)
    __user_libspace                          0x080004b9   Thumb Code     8  libspace.o(.text)
    __user_perproc_libspace                  0x080004b9   Thumb Code     0  libspace.o(.text)
    __user_perthread_libspace                0x080004b9   Thumb Code     0  libspace.o(.text)
    __user_setup_stackheap                   0x080004c1   Thumb Code    74  sys_stackheap_outer.o(.text)
    exit                                     0x0800050b   Thumb Code    18  exit.o(.text)
    _sys_exit                                0x0800051d   Thumb Code     8  sys_exit.o(.text)
    __I$use$semihosting                      0x08000529   Thumb Code     0  use_no_semi.o(.text)
    __use_no_semihosting_swi                 0x08000529   Thumb Code     2  use_no_semi.o(.text)
    BusFault_Handler                         0x0800052b   Thumb Code     4  stm32f4xx_it.o(i.BusFault_Handler)
    __semihosting_library_function           0x0800052b   Thumb Code     0  indicate_semi.o(.text)
    CAN1_RX0_IRQHandler                      0x08000531   Thumb Code    10  stm32f4xx_it.o(i.CAN1_RX0_IRQHandler)
    CAN1_RX1_IRQHandler                      0x08000541   Thumb Code    10  stm32f4xx_it.o(i.CAN1_RX1_IRQHandler)
    DMA1_Stream5_IRQHandler                  0x08000551   Thumb Code    10  stm32f4xx_it.o(i.DMA1_Stream5_IRQHandler)
    DMA1_Stream6_IRQHandler                  0x08000561   Thumb Code    10  stm32f4xx_it.o(i.DMA1_Stream6_IRQHandler)
    DebugMon_Handler                         0x08000571   Thumb Code     2  stm32f4xx_it.o(i.DebugMon_Handler)
    Error_Handler                            0x08000573   Thumb Code     6  main.o(i.Error_Handler)
    HAL_CAN_AddTxMessage                     0x08000579   Thumb Code   342  stm32f4xx_hal_can.o(i.HAL_CAN_AddTxMessage)
    HAL_CAN_ConfigFilter                     0x080006d1   Thumb Code   286  stm32f4xx_hal_can.o(i.HAL_CAN_ConfigFilter)
    HAL_CAN_ErrorCallback                    0x080007f5   Thumb Code     2  stm32f4xx_hal_can.o(i.HAL_CAN_ErrorCallback)
    HAL_CAN_GetRxMessage                     0x080007f7   Thumb Code   378  stm32f4xx_hal_can.o(i.HAL_CAN_GetRxMessage)
    HAL_CAN_IRQHandler                       0x08000971   Thumb Code   590  stm32f4xx_hal_can.o(i.HAL_CAN_IRQHandler)
    HAL_CAN_Init                             0x08000bbf   Thumb Code   372  stm32f4xx_hal_can.o(i.HAL_CAN_Init)
    HAL_CAN_MspInit                          0x08000d35   Thumb Code   154  can.o(i.HAL_CAN_MspInit)
    HAL_CAN_RxFifo0FullCallback              0x08000ddd   Thumb Code     2  stm32f4xx_hal_can.o(i.HAL_CAN_RxFifo0FullCallback)
    HAL_CAN_RxFifo0MsgPendingCallback        0x08000de1   Thumb Code    72  drv_can.o(i.HAL_CAN_RxFifo0MsgPendingCallback)
    HAL_CAN_RxFifo1FullCallback              0x08000e39   Thumb Code     2  stm32f4xx_hal_can.o(i.HAL_CAN_RxFifo1FullCallback)
    HAL_CAN_RxFifo1MsgPendingCallback        0x08000e3d   Thumb Code    72  drv_can.o(i.HAL_CAN_RxFifo1MsgPendingCallback)
    HAL_CAN_SleepCallback                    0x08000e95   Thumb Code     2  stm32f4xx_hal_can.o(i.HAL_CAN_SleepCallback)
    HAL_CAN_Start                            0x08000e97   Thumb Code    94  stm32f4xx_hal_can.o(i.HAL_CAN_Start)
    HAL_CAN_TxMailbox0AbortCallback          0x08000ef5   Thumb Code     2  stm32f4xx_hal_can.o(i.HAL_CAN_TxMailbox0AbortCallback)
    HAL_CAN_TxMailbox0CompleteCallback       0x08000ef7   Thumb Code     2  stm32f4xx_hal_can.o(i.HAL_CAN_TxMailbox0CompleteCallback)
    HAL_CAN_TxMailbox1AbortCallback          0x08000ef9   Thumb Code     2  stm32f4xx_hal_can.o(i.HAL_CAN_TxMailbox1AbortCallback)
    HAL_CAN_TxMailbox1CompleteCallback       0x08000efb   Thumb Code     2  stm32f4xx_hal_can.o(i.HAL_CAN_TxMailbox1CompleteCallback)
    HAL_CAN_TxMailbox2AbortCallback          0x08000efd   Thumb Code     2  stm32f4xx_hal_can.o(i.HAL_CAN_TxMailbox2AbortCallback)
    HAL_CAN_TxMailbox2CompleteCallback       0x08000eff   Thumb Code     2  stm32f4xx_hal_can.o(i.HAL_CAN_TxMailbox2CompleteCallback)
    HAL_CAN_WakeUpFromRxMsgCallback          0x08000f01   Thumb Code     2  stm32f4xx_hal_can.o(i.HAL_CAN_WakeUpFromRxMsgCallback)
    HAL_DMA_Abort                            0x08000f03   Thumb Code   172  stm32f4xx_hal_dma.o(i.HAL_DMA_Abort)
    HAL_DMA_Abort_IT                         0x08000faf   Thumb Code    40  stm32f4xx_hal_dma.o(i.HAL_DMA_Abort_IT)
    HAL_DMA_IRQHandler                       0x08000fd9   Thumb Code   570  stm32f4xx_hal_dma.o(i.HAL_DMA_IRQHandler)
    HAL_DMA_Init                             0x08001219   Thumb Code   232  stm32f4xx_hal_dma.o(i.HAL_DMA_Init)
    HAL_DMA_Start_IT                         0x08001305   Thumb Code   146  stm32f4xx_hal_dma.o(i.HAL_DMA_Start_IT)
    HAL_Delay                                0x08001399   Thumb Code    36  stm32f4xx_hal.o(i.HAL_Delay)
    HAL_GPIO_Init                            0x080013c1   Thumb Code   474  stm32f4xx_hal_gpio.o(i.HAL_GPIO_Init)
    HAL_GPIO_WritePin                        0x080015d1   Thumb Code    12  stm32f4xx_hal_gpio.o(i.HAL_GPIO_WritePin)
    HAL_GetTick                              0x080015dd   Thumb Code     6  stm32f4xx_hal.o(i.HAL_GetTick)
    HAL_IncTick                              0x080015e9   Thumb Code    16  stm32f4xx_hal.o(i.HAL_IncTick)
    HAL_Init                                 0x08001601   Thumb Code    54  stm32f4xx_hal.o(i.HAL_Init)
    HAL_InitTick                             0x0800163d   Thumb Code    64  stm32f4xx_hal.o(i.HAL_InitTick)
    HAL_MspInit                              0x08001689   Thumb Code    68  stm32f4xx_hal_msp.o(i.HAL_MspInit)
    HAL_NVIC_EnableIRQ                       0x080016d1   Thumb Code    32  stm32f4xx_hal_cortex.o(i.HAL_NVIC_EnableIRQ)
    HAL_NVIC_SetPriority                     0x080016f1   Thumb Code   124  stm32f4xx_hal_cortex.o(i.HAL_NVIC_SetPriority)
    HAL_NVIC_SetPriorityGrouping             0x0800176d   Thumb Code    32  stm32f4xx_hal_cortex.o(i.HAL_NVIC_SetPriorityGrouping)
    HAL_PWREx_EnableOverDrive                0x08001795   Thumb Code   128  stm32f4xx_hal_pwr_ex.o(i.HAL_PWREx_EnableOverDrive)
    HAL_RCC_ClockConfig                      0x08001821   Thumb Code   368  stm32f4xx_hal_rcc.o(i.HAL_RCC_ClockConfig)
    HAL_RCC_GetHCLKFreq                      0x080019a5   Thumb Code     6  stm32f4xx_hal_rcc.o(i.HAL_RCC_GetHCLKFreq)
    HAL_RCC_GetPCLK1Freq                     0x080019b1   Thumb Code    22  stm32f4xx_hal_rcc.o(i.HAL_RCC_GetPCLK1Freq)
    HAL_RCC_GetPCLK2Freq                     0x080019d1   Thumb Code    22  stm32f4xx_hal_rcc.o(i.HAL_RCC_GetPCLK2Freq)
    HAL_RCC_GetSysClockFreq                  0x080019f1   Thumb Code   162  stm32f4xx_hal_rcc.o(i.HAL_RCC_GetSysClockFreq)
    HAL_RCC_OscConfig                        0x08001aa1   Thumb Code  1172  stm32f4xx_hal_rcc.o(i.HAL_RCC_OscConfig)
    HAL_SYSTICK_Config                       0x08001f3d   Thumb Code    52  stm32f4xx_hal_cortex.o(i.HAL_SYSTICK_Config)
    HAL_UARTEx_ReceiveToIdle_DMA             0x08001f71   Thumb Code   130  stm32f4xx_hal_uart.o(i.HAL_UARTEx_ReceiveToIdle_DMA)
    HAL_UARTEx_RxEventCallback               0x08001ff5   Thumb Code   326  drv_uart.o(i.HAL_UARTEx_RxEventCallback)
    HAL_UART_ErrorCallback                   0x0800217d   Thumb Code     2  stm32f4xx_hal_uart.o(i.HAL_UART_ErrorCallback)
    HAL_UART_IRQHandler                      0x08002181   Thumb Code   732  stm32f4xx_hal_uart.o(i.HAL_UART_IRQHandler)
    HAL_UART_Init                            0x08002461   Thumb Code   114  stm32f4xx_hal_uart.o(i.HAL_UART_Init)
    HAL_UART_MspInit                         0x080024d5   Thumb Code   258  usart.o(i.HAL_UART_MspInit)
    HAL_UART_RxCpltCallback                  0x080025f1   Thumb Code     2  stm32f4xx_hal_uart.o(i.HAL_UART_RxCpltCallback)
    HAL_UART_RxHalfCpltCallback              0x080025f3   Thumb Code     2  stm32f4xx_hal_uart.o(i.HAL_UART_RxHalfCpltCallback)
    HAL_UART_Transmit_DMA                    0x080025f5   Thumb Code   160  stm32f4xx_hal_uart.o(i.HAL_UART_Transmit_DMA)
    HAL_UART_TxCpltCallback                  0x080026a1   Thumb Code     2  stm32f4xx_hal_uart.o(i.HAL_UART_TxCpltCallback)
    HAL_UART_TxHalfCpltCallback              0x080026a3   Thumb Code     2  stm32f4xx_hal_uart.o(i.HAL_UART_TxHalfCpltCallback)
    HardFault_Handler                        0x080026a5   Thumb Code     4  stm32f4xx_it.o(i.HardFault_Handler)
    MX_CAN1_Init                             0x080026a9   Thumb Code    60  can.o(i.MX_CAN1_Init)
    MX_DMA_Init                              0x080026ed   Thumb Code    68  dma.o(i.MX_DMA_Init)
    MX_GPIO_Init                             0x08002735   Thumb Code   142  gpio.o(i.MX_GPIO_Init)
    MX_USART2_UART_Init                      0x080027cd   Thumb Code    46  usart.o(i.MX_USART2_UART_Init)
    MemManage_Handler                        0x08002805   Thumb Code     4  stm32f4xx_it.o(i.MemManage_Handler)
    NMI_Handler                              0x08002809   Thumb Code     4  stm32f4xx_it.o(i.NMI_Handler)
    PendSV_Handler                           0x0800280d   Thumb Code     2  stm32f4xx_it.o(i.PendSV_Handler)
    SVC_Handler                              0x0800280f   Thumb Code     2  stm32f4xx_it.o(i.SVC_Handler)
    SysTick_Handler                          0x08002811   Thumb Code     8  stm32f4xx_it.o(i.SysTick_Handler)
    SystemInit                               0x08002819   Thumb Code    14  system_stm32f4xx.o(i.SystemInit)
    UART_Start_Receive_DMA                   0x0800282d   Thumb Code   196  stm32f4xx_hal_uart.o(i.UART_Start_Receive_DMA)
    USART2_IRQHandler                        0x080028fd   Thumb Code    10  stm32f4xx_it.o(i.USART2_IRQHandler)
    UsageFault_Handler                       0x0800290d   Thumb Code     4  stm32f4xx_it.o(i.UsageFault_Handler)
    BSP_DC24_LD(Enum_BSP_DC24_Status)        0x08002911   Thumb Code    16  drv_bsp.o(i._Z11BSP_DC24_LD20Enum_BSP_DC24_Status)
    BSP_DC24_LU(Enum_BSP_DC24_Status)        0x08002925   Thumb Code    16  drv_bsp.o(i._Z11BSP_DC24_LU20Enum_BSP_DC24_Status)
    BSP_DC24_RD(Enum_BSP_DC24_Status)        0x08002939   Thumb Code    16  drv_bsp.o(i._Z11BSP_DC24_RD20Enum_BSP_DC24_Status)
    BSP_DC24_RU(Enum_BSP_DC24_Status)        0x0800294d   Thumb Code    16  drv_bsp.o(i._Z11BSP_DC24_RU20Enum_BSP_DC24_Status)
    CAN_Send_Data(__CAN_HandleTypeDef*, unsigned short, unsigned char*, unsigned short) 0x08002961   Thumb Code    40  drv_can.o(i._Z13CAN_Send_DataP19__CAN_HandleTypeDeftPht)
    UART_Send_Data(__UART_HandleTypeDef*, unsigned char*, unsigned short) 0x08002989   Thumb Code    20  drv_uart.o(i._Z14UART_Send_DataP20__UART_HandleTypeDefPht)
    allocate_tx_data(__CAN_HandleTypeDef*, Enum_CAN_Motor_ID) 0x0800299d   Thumb Code    92  dvc_motor.o(i._Z16allocate_tx_dataP19__CAN_HandleTypeDef17Enum_CAN_Motor_ID)
    SystemClock_Config()                     0x08002a09   Thumb Code   180  main.o(i._Z18SystemClock_Configv)
    CAN_Motor_Call_Back(Struct_CAN_Rx_Buffer*) 0x08002ac5   Thumb Code    28  main.o(i._Z19CAN_Motor_Call_BackP20Struct_CAN_Rx_Buffer)
    CAN_Filter_Mask_Config(__CAN_HandleTypeDef*, unsigned char, unsigned, unsigned) 0x08002ae5   Thumb Code   110  drv_can.o(i._Z22CAN_Filter_Mask_ConfigP19__CAN_HandleTypeDefhjj)
    UART_Serialplot_Call_Back(unsigned char*, unsigned short) 0x08002b55   Thumb Code   280  main.o(i._Z25UART_Serialplot_Call_BackPht)
    TIM_CAN_PeriodElapsedCallback()          0x08002c75   Thumb Code    40  drv_can.o(i._Z29TIM_CAN_PeriodElapsedCallbackv)
    TIM_UART_PeriodElapsedCallback()         0x08002ca9   Thumb Code    14  drv_uart.o(i._Z30TIM_UART_PeriodElapsedCallbackv)
    BSP_Init(unsigned, float, float)         0x08002cc1   Thumb Code   154  drv_bsp.o(i._Z8BSP_Initjff)
    CAN_Init(__CAN_HandleTypeDef*, void(*)(Struct_CAN_Rx_Buffer*)) 0x08002d5d   Thumb Code   116  drv_can.o(i._Z8CAN_InitP19__CAN_HandleTypeDefPFvP20Struct_CAN_Rx_BufferE)
    BSP_LED_1(Enum_BSP_LED_Status)           0x08002de1   Thumb Code    16  drv_bsp.o(i._Z9BSP_LED_119Enum_BSP_LED_Status)
    BSP_LED_2(Enum_BSP_LED_Status)           0x08002df5   Thumb Code    16  drv_bsp.o(i._Z9BSP_LED_219Enum_BSP_LED_Status)
    BSP_LED_3(Enum_BSP_LED_Status)           0x08002e09   Thumb Code    16  drv_bsp.o(i._Z9BSP_LED_319Enum_BSP_LED_Status)
    BSP_LED_4(Enum_BSP_LED_Status)           0x08002e1d   Thumb Code    16  drv_bsp.o(i._Z9BSP_LED_419Enum_BSP_LED_Status)
    BSP_LED_5(Enum_BSP_LED_Status)           0x08002e31   Thumb Code    16  drv_bsp.o(i._Z9BSP_LED_519Enum_BSP_LED_Status)
    BSP_LED_6(Enum_BSP_LED_Status)           0x08002e45   Thumb Code    16  drv_bsp.o(i._Z9BSP_LED_619Enum_BSP_LED_Status)
    BSP_LED_7(Enum_BSP_LED_Status)           0x08002e59   Thumb Code    16  drv_bsp.o(i._Z9BSP_LED_719Enum_BSP_LED_Status)
    BSP_LED_8(Enum_BSP_LED_Status)           0x08002e6d   Thumb Code    18  drv_bsp.o(i._Z9BSP_LED_819Enum_BSP_LED_Status)
    BSP_LED_G(Enum_BSP_LED_Status)           0x08002e85   Thumb Code    18  drv_bsp.o(i._Z9BSP_LED_G19Enum_BSP_LED_Status)
    BSP_LED_R(Enum_BSP_LED_Status)           0x08002e9d   Thumb Code    18  drv_bsp.o(i._Z9BSP_LED_R19Enum_BSP_LED_Status)
    UART_Init(__UART_HandleTypeDef*, void(*)(unsigned char*, unsigned short), unsigned short) 0x08002eb5   Thumb Code   296  drv_uart.o(i._Z9UART_InitP20__UART_HandleTypeDefPFvPhtEt)
    Class_Motor_C620::Get_Now_Angle()        0x0800301d   Thumb Code     6  dvc_motor.o(i._ZN16Class_Motor_C62013Get_Now_AngleEv)
    Class_Motor_C620::Get_Now_Omega()        0x08003023   Thumb Code     6  dvc_motor.o(i._ZN16Class_Motor_C62013Get_Now_OmegaEv)
    Class_Motor_C620::Get_Target_Angle()     0x08003029   Thumb Code     6  dvc_motor.o(i._ZN16Class_Motor_C62016Get_Target_AngleEv)
    Class_Motor_C620::Get_Target_Omega()     0x0800302f   Thumb Code     6  dvc_motor.o(i._ZN16Class_Motor_C62016Get_Target_OmegaEv)
    Class_Motor_C620::Set_Target_Angle(float) 0x08003035   Thumb Code     6  dvc_motor.o(i._ZN16Class_Motor_C62016Set_Target_AngleEf)
    Class_Motor_C620::CAN_RxCpltCallback(unsigned char*) 0x0800303d   Thumb Code   218  dvc_motor.o(i._ZN16Class_Motor_C62018CAN_RxCpltCallbackEPh)
    Class_Motor_C620::TIM_PID_PeriodElapsedCallback() 0x08003121   Thumb Code   300  dvc_motor.o(i._ZN16Class_Motor_C62029TIM_PID_PeriodElapsedCallbackEv)
    Class_Motor_C620::Init(__CAN_HandleTypeDef*, Enum_CAN_Motor_ID, Enum_Control_Method, float, float) 0x08003251   Thumb Code    70  dvc_motor.o(i._ZN16Class_Motor_C6204InitEP19__CAN_HandleTypeDef17Enum_CAN_Motor_ID19Enum_Control_Methodff)
    Class_Motor_C620::Output()               0x080032a9   Thumb Code    40  dvc_motor.o(i._ZN16Class_Motor_C6206OutputEv)
    Class_Motor_C620::Set_Out(float)         0x080032d1   Thumb Code     6  dvc_motor.o(i._ZN16Class_Motor_C6207Set_OutEf)
    Class_Motor_C620::Class_Motor_C620()     0x080032d9   Thumb Code   144  main.o(i._ZN16Class_Motor_C620C1Ev)
    Class_Motor_C620::Class_Motor_C620__sub_object() 0x080032d9   Thumb Code     0  main.o(i._ZN16Class_Motor_C620C1Ev)
    Class_Serialplot::Get_Variable_Index()   0x08003375   Thumb Code     8  dvc_serialplot.o(i._ZN16Class_Serialplot18Get_Variable_IndexEv)
    Class_Serialplot::Get_Variable_Value()   0x0800337d   Thumb Code    24  dvc_serialplot.o(i._ZN16Class_Serialplot18Get_Variable_ValueEv)
    Class_Serialplot::Judge_Variable_Name()  0x08003395   Thumb Code    96  dvc_serialplot.o(i._ZN16Class_Serialplot19Judge_Variable_NameEv)
    Class_Serialplot::UART_RxCpltCallback(unsigned char*) 0x080033f5   Thumb Code    24  dvc_serialplot.o(i._ZN16Class_Serialplot19UART_RxCpltCallbackEPh)
    Class_Serialplot::Judge_Variable_Value(int) 0x0800340d   Thumb Code   214  dvc_serialplot.o(i._ZN16Class_Serialplot20Judge_Variable_ValueEi)
    Class_Serialplot::TIM_Write_PeriodElapsedCallback() 0x080034e9   Thumb Code    12  dvc_serialplot.o(i._ZN16Class_Serialplot31TIM_Write_PeriodElapsedCallbackEv)
    Class_Serialplot::Init(__UART_HandleTypeDef*, unsigned char, char**, Enum_Serialplot_Data_Type, unsigned char) 0x080034f5   Thumb Code   130  dvc_serialplot.o(i._ZN16Class_Serialplot4InitEP20__UART_HandleTypeDefhPPc25Enum_Serialplot_Data_Typeh)
    Class_Serialplot::Output()               0x080035b9   Thumb Code   224  dvc_serialplot.o(i._ZN16Class_Serialplot6OutputEv)
    Class_Serialplot::Set_Data(unsigned char, ...) 0x08003699   Thumb Code    58  dvc_serialplot.o(i._ZN16Class_Serialplot8Set_DataEhz)
    Class_PID::Set_Target(float)             0x08003de5   Thumb Code     6  alg_pid.o(i._ZN9Class_PID10Set_TargetEf)
    Class_PID::TIM_Adjust_PeriodElapsedCallback() 0x08003ded   Thumb Code   622  alg_pid.o(i._ZN9Class_PID32TIM_Adjust_PeriodElapsedCallbackEv)
    Class_PID::Init(float, float, float, float, float, float, float, float, float, float, float, Enum_PID_D_First) 0x08004061   Thumb Code    48  alg_pid.o(i._ZN9Class_PID4InitEfffffffffff16Enum_PID_D_First)
    Class_PID::Get_Out()                     0x08004091   Thumb Code     6  alg_pid.o(i._ZN9Class_PID7Get_OutEv)
    Class_PID::Set_K_D(float)                0x08004097   Thumb Code     6  alg_pid.o(i._ZN9Class_PID7Set_K_DEf)
    Class_PID::Set_K_I(float)                0x0800409d   Thumb Code     6  alg_pid.o(i._ZN9Class_PID7Set_K_IEf)
    Class_PID::Set_K_P(float)                0x080040a3   Thumb Code     6  alg_pid.o(i._ZN9Class_PID7Set_K_PEf)
    Class_PID::Set_Now(float)                0x080040a9   Thumb Code     6  alg_pid.o(i._ZN9Class_PID7Set_NowEf)
    Class_PID::Class_PID()                   0x080040b1   Thumb Code   138  main.o(i._ZN9Class_PIDC1Ev)
    Class_PID::Class_PID__sub_object()       0x080040b1   Thumb Code     0  main.o(i._ZN9Class_PIDC1Ev)
    __ARM_fpclassifyf                        0x08004141   Thumb Code    38  fpclassifyf.o(i.__ARM_fpclassifyf)
    __hardfp_powf                            0x08004169   Thumb Code  1606  powf.o(i.__hardfp_powf)
    __mathlib_powf                           0x08004169   Thumb Code     0  powf.o(i.__hardfp_powf)
    __mathlib_flt_divzero                    0x080047cd   Thumb Code    14  funder.o(i.__mathlib_flt_divzero)
    __mathlib_flt_infnan2                    0x080047e1   Thumb Code     6  funder.o(i.__mathlib_flt_infnan2)
    __mathlib_flt_invalid                    0x080047e9   Thumb Code    10  funder.o(i.__mathlib_flt_invalid)
    __mathlib_flt_overflow                   0x080047f9   Thumb Code    10  funder.o(i.__mathlib_flt_overflow)
    __mathlib_flt_underflow                  0x08004809   Thumb Code    10  funder.o(i.__mathlib_flt_underflow)
    main                                     0x08004845   Thumb Code   350  main.o(i.main)
    void Math_Constrain<float>(T1*, T1, T1)  0x080049f9   Thumb Code    40  alg_pid.o(t._Z14Math_ConstrainIfEvPT_S0_S0_)
    T1 Math_Abs<float>(T1)                   0x08004a21   Thumb Code    26  drv_math.o(t._Z8Math_AbsIfET_S0_)
    __aeabi_d2f                              0x08004a3d   Thumb Code     0  d2f.o(x$fpl$d2f)
    _d2f                                     0x08004a3d   Thumb Code    98  d2f.o(x$fpl$d2f)
    __fpl_dnaninf                            0x08004a9f   Thumb Code   156  dnaninf.o(x$fpl$dnaninf)
    __fpl_dretinf                            0x08004b3b   Thumb Code    12  dretinf.o(x$fpl$dretinf)
    __aeabi_f2d                              0x08004b49   Thumb Code     0  f2d.o(x$fpl$f2d)
    _f2d                                     0x08004b49   Thumb Code    86  f2d.o(x$fpl$f2d)
    __fpl_fnaninf                            0x08004b9f   Thumb Code   140  fnaninf.o(x$fpl$fnaninf)
    _fp_init                                 0x08004c2b   Thumb Code    10  fpinit.o(x$fpl$fpinit)
    __fplib_config_fpu_vfp                   0x08004c33   Thumb Code     0  fpinit.o(x$fpl$fpinit)
    __fplib_config_pureend_doubles           0x08004c33   Thumb Code     0  fpinit.o(x$fpl$fpinit)
    __fpl_fretinf                            0x08004c35   Thumb Code    10  fretinf.o(x$fpl$fretinf)
    __I$use$fp                               0x08004c3e   Number         0  usenofp.o(x$fpl$usenofp)
    AHBPrescTable                            0x08004c46   Data          16  system_stm32f4xx.o(.constdata)
    APBPrescTable                            0x08004c56   Data           8  system_stm32f4xx.o(.constdata)
    Region$$Table$$Base                      0x08004da0   Number         0  anon$$obj.o(Region$$Table)
    Region$$Table$$Limit                     0x08004dc0   Number         0  anon$$obj.o(Region$$Table)
    SHT$$INIT_ARRAY$$Base                    0x08004dc0   Number         0  main.o(.init_array)
    SHT$$INIT_ARRAY$$Limit                   0x08004dc4   Number         0  init_aeabi.o(.init_array)
    Target_Angle                             0x20000000   Data           4  main.o(.data)
    Now_Angle                                0x20000004   Data           4  main.o(.data)
    Target_Omega                             0x20000008   Data           4  main.o(.data)
    Now_Omega                                0x2000000c   Data           4  main.o(.data)
    Counter                                  0x20000010   Data           4  main.o(.data)
    CAN1_0x1ff_Tx_Data                       0x2000026c   Data           8  drv_can.o(.data)
    CAN1_0x200_Tx_Data                       0x20000274   Data           8  drv_can.o(.data)
    CAN1_0x2ff_Tx_Data                       0x2000027c   Data           8  drv_can.o(.data)
    CAN2_0x1ff_Tx_Data                       0x20000284   Data           8  drv_can.o(.data)
    CAN2_0x200_Tx_Data                       0x2000028c   Data           8  drv_can.o(.data)
    CAN2_0x2ff_Tx_Data                       0x20000294   Data           8  drv_can.o(.data)
    CAN_Supercap_Tx_Data                     0x2000029c   Data           8  drv_can.o(.data)
    uwTick                                   0x200002a8   Data           4  stm32f4xx_hal.o(.data)
    uwTickPrio                               0x200002ac   Data           4  stm32f4xx_hal.o(.data)
    uwTickFreq                               0x200002b0   Data           1  stm32f4xx_hal.o(.data)
    SystemCoreClock                          0x200002b4   Data           4  system_stm32f4xx.o(.data)
    serialplot                               0x200002b8   Data          72  main.o(.bss)
    motor                                    0x20000300   Data         248  main.o(.bss)
    hcan1                                    0x200003f8   Data          40  can.o(.bss)
    huart2                                   0x20000420   Data          68  usart.o(.bss)
    hdma_usart2_rx                           0x20000464   Data          96  usart.o(.bss)
    hdma_usart2_tx                           0x200004c4   Data          96  usart.o(.bss)
    UART1_Manage_Object                      0x20000524   Data         524  drv_uart.o(.bss)
    UART2_Manage_Object                      0x20000730   Data         524  drv_uart.o(.bss)
    UART3_Manage_Object                      0x2000093c   Data         524  drv_uart.o(.bss)
    UART4_Manage_Object                      0x20000b48   Data         524  drv_uart.o(.bss)
    UART5_Manage_Object                      0x20000d54   Data         524  drv_uart.o(.bss)
    UART6_Manage_Object                      0x20000f60   Data         524  drv_uart.o(.bss)
    UART7_Manage_Object                      0x2000116c   Data         524  drv_uart.o(.bss)
    UART8_Manage_Object                      0x20001378   Data         524  drv_uart.o(.bss)
    CAN1_Manage_Object                       0x20001584   Data          44  drv_can.o(.bss)
    CAN2_Manage_Object                       0x200015b0   Data          44  drv_can.o(.bss)
    __libspace_start                         0x200015dc   Data          96  libspace.o(.bss)
    __temporary_stack_top$libspace           0x2000163c   Data           0  libspace.o(.bss)



==============================================================================

Memory Map of the image

  Image Entry point : 0x080001ad

  Load Region LR_IROM1 (Base: 0x08000000, Size: 0x0000507c, Max: 0x00200000, ABSOLUTE, COMPRESSED[0x00004de8])

    Execution Region ER_IROM1 (Exec base: 0x08000000, Load base: 0x08000000, Size: 0x00004dc4, Max: 0x00200000, ABSOLUTE)

    Exec Addr    Load Addr    Size         Type   Attr      Idx    E Section Name        Object

    0x08000000   0x08000000   0x000001ac   Data   RO            3    RESET               startup_stm32f427xx.o
    0x080001ac   0x080001ac   0x00000008   Code   RO         3837  * !!!main             c_w.l(__main.o)
    0x080001b4   0x080001b4   0x00000034   Code   RO         4081    !!!scatter          c_w.l(__scatter.o)
    0x080001e8   0x080001e8   0x0000003a   Code   RO         4079    !!dczerorl          c_w.l(__dczerorl.o)
    0x08000222   0x08000222   0x00000002   PAD
    0x08000224   0x08000224   0x0000001c   Code   RO         4083    !!handler_zi        c_w.l(__scatter_zi.o)
    0x08000240   0x08000240   0x00000002   Code   RO         4003    .ARM.Collect$$libinit$$00000000  c_w.l(libinit.o)
    0x08000242   0x08000242   0x00000004   Code   RO         3882    .ARM.Collect$$libinit$$00000001  c_w.l(libinit2.o)
    0x08000246   0x08000246   0x00000000   Code   RO         3885    .ARM.Collect$$libinit$$00000004  c_w.l(libinit2.o)
    0x08000246   0x08000246   0x00000000   Code   RO         3888    .ARM.Collect$$libinit$$0000000A  c_w.l(libinit2.o)
    0x08000246   0x08000246   0x00000000   Code   RO         3890    .ARM.Collect$$libinit$$0000000C  c_w.l(libinit2.o)
    0x08000246   0x08000246   0x00000000   Code   RO         3892    .ARM.Collect$$libinit$$0000000E  c_w.l(libinit2.o)
    0x08000246   0x08000246   0x00000000   Code   RO         3895    .ARM.Collect$$libinit$$00000011  c_w.l(libinit2.o)
    0x08000246   0x08000246   0x00000000   Code   RO         3897    .ARM.Collect$$libinit$$00000013  c_w.l(libinit2.o)
    0x08000246   0x08000246   0x00000000   Code   RO         3899    .ARM.Collect$$libinit$$00000015  c_w.l(libinit2.o)
    0x08000246   0x08000246   0x00000000   Code   RO         3901    .ARM.Collect$$libinit$$00000017  c_w.l(libinit2.o)
    0x08000246   0x08000246   0x00000000   Code   RO         3903    .ARM.Collect$$libinit$$00000019  c_w.l(libinit2.o)
    0x08000246   0x08000246   0x00000000   Code   RO         3905    .ARM.Collect$$libinit$$0000001B  c_w.l(libinit2.o)
    0x08000246   0x08000246   0x00000000   Code   RO         3907    .ARM.Collect$$libinit$$0000001D  c_w.l(libinit2.o)
    0x08000246   0x08000246   0x00000000   Code   RO         3909    .ARM.Collect$$libinit$$0000001F  c_w.l(libinit2.o)
    0x08000246   0x08000246   0x00000000   Code   RO         3911    .ARM.Collect$$libinit$$00000021  c_w.l(libinit2.o)
    0x08000246   0x08000246   0x00000000   Code   RO         3913    .ARM.Collect$$libinit$$00000023  c_w.l(libinit2.o)
    0x08000246   0x08000246   0x00000000   Code   RO         3915    .ARM.Collect$$libinit$$00000025  c_w.l(libinit2.o)
    0x08000246   0x08000246   0x00000000   Code   RO         3919    .ARM.Collect$$libinit$$0000002C  c_w.l(libinit2.o)
    0x08000246   0x08000246   0x00000000   Code   RO         3921    .ARM.Collect$$libinit$$0000002E  c_w.l(libinit2.o)
    0x08000246   0x08000246   0x00000000   Code   RO         3923    .ARM.Collect$$libinit$$00000030  c_w.l(libinit2.o)
    0x08000246   0x08000246   0x00000004   Code   RO         3924    .ARM.Collect$$libinit$$00000031  c_w.l(libinit2.o)
    0x0800024a   0x0800024a   0x00000000   Code   RO         3925    .ARM.Collect$$libinit$$00000032  c_w.l(libinit2.o)
    0x0800024a   0x0800024a   0x00000002   Code   RO         3926    .ARM.Collect$$libinit$$00000033  c_w.l(libinit2.o)
    0x0800024c   0x0800024c   0x00000002   Code   RO         4044    .ARM.Collect$$libshutdown$$00000000  c_w.l(libshutdown.o)
    0x0800024e   0x0800024e   0x00000000   Code   RO         4060    .ARM.Collect$$libshutdown$$00000002  c_w.l(libshutdown2.o)
    0x0800024e   0x0800024e   0x00000000   Code   RO         4062    .ARM.Collect$$libshutdown$$00000004  c_w.l(libshutdown2.o)
    0x0800024e   0x0800024e   0x00000000   Code   RO         4064    .ARM.Collect$$libshutdown$$00000006  c_w.l(libshutdown2.o)
    0x0800024e   0x0800024e   0x00000000   Code   RO         4067    .ARM.Collect$$libshutdown$$00000009  c_w.l(libshutdown2.o)
    0x0800024e   0x0800024e   0x00000000   Code   RO         4070    .ARM.Collect$$libshutdown$$0000000C  c_w.l(libshutdown2.o)
    0x0800024e   0x0800024e   0x00000000   Code   RO         4072    .ARM.Collect$$libshutdown$$0000000E  c_w.l(libshutdown2.o)
    0x0800024e   0x0800024e   0x00000000   Code   RO         4075    .ARM.Collect$$libshutdown$$00000011  c_w.l(libshutdown2.o)
    0x0800024e   0x0800024e   0x00000002   Code   RO         4076    .ARM.Collect$$libshutdown$$00000012  c_w.l(libshutdown2.o)
    0x08000250   0x08000250   0x00000000   Code   RO         3875    .ARM.Collect$$rtentry$$00000000  c_w.l(__rtentry.o)
    0x08000250   0x08000250   0x00000000   Code   RO         3958    .ARM.Collect$$rtentry$$00000002  c_w.l(__rtentry2.o)
    0x08000250   0x08000250   0x00000006   Code   RO         3970    .ARM.Collect$$rtentry$$00000004  c_w.l(__rtentry4.o)
    0x08000256   0x08000256   0x00000000   Code   RO         3960    .ARM.Collect$$rtentry$$00000009  c_w.l(__rtentry2.o)
    0x08000256   0x08000256   0x00000004   Code   RO         3961    .ARM.Collect$$rtentry$$0000000A  c_w.l(__rtentry2.o)
    0x0800025a   0x0800025a   0x00000000   Code   RO         3963    .ARM.Collect$$rtentry$$0000000C  c_w.l(__rtentry2.o)
    0x0800025a   0x0800025a   0x00000008   Code   RO         3964    .ARM.Collect$$rtentry$$0000000D  c_w.l(__rtentry2.o)
    0x08000262   0x08000262   0x00000002   Code   RO         4006    .ARM.Collect$$rtexit$$00000000  c_w.l(rtexit.o)
    0x08000264   0x08000264   0x00000000   Code   RO         4026    .ARM.Collect$$rtexit$$00000002  c_w.l(rtexit2.o)
    0x08000264   0x08000264   0x00000004   Code   RO         4027    .ARM.Collect$$rtexit$$00000003  c_w.l(rtexit2.o)
    0x08000268   0x08000268   0x00000006   Code   RO         4028    .ARM.Collect$$rtexit$$00000004  c_w.l(rtexit2.o)
    0x0800026e   0x0800026e   0x00000002   PAD
    0x08000270   0x08000270   0x00000040   Code   RO            4    .text               startup_stm32f427xx.o
    0x080002b0   0x080002b0   0x000000ee   Code   RO         3829    .text               c_w.l(lludivv7m.o)
    0x0800039e   0x0800039e   0x0000004e   Code   RO         3831    .text               c_w.l(rt_memclr_w.o)
    0x080003ec   0x080003ec   0x00000080   Code   RO         3833    .text               c_w.l(strcmpv7m.o)
    0x0800046c   0x0800046c   0x00000006   Code   RO         3835    .text               c_w.l(heapauxi.o)
    0x08000472   0x08000472   0x00000002   PAD
    0x08000474   0x08000474   0x00000024   Code   RO         3842    .text               c_w.l(init_aeabi.o)
    0x08000498   0x08000498   0x00000016   Code   RO         3880    .text               c_w.l(_rserrno.o)
    0x080004ae   0x080004ae   0x00000002   PAD
    0x080004b0   0x080004b0   0x00000008   Code   RO         3977    .text               c_w.l(rt_errno_addr_intlibspace.o)
    0x080004b8   0x080004b8   0x00000008   Code   RO         3983    .text               c_w.l(libspace.o)
    0x080004c0   0x080004c0   0x0000004a   Code   RO         3986    .text               c_w.l(sys_stackheap_outer.o)
    0x0800050a   0x0800050a   0x00000012   Code   RO         3988    .text               c_w.l(exit.o)
    0x0800051c   0x0800051c   0x0000000c   Code   RO         4020    .text               c_w.l(sys_exit.o)
    0x08000528   0x08000528   0x00000002   Code   RO         4022    .text               c_w.l(use_no_semi.o)
    0x0800052a   0x0800052a   0x00000000   Code   RO         4024    .text               c_w.l(indicate_semi.o)
    0x0800052a   0x0800052a   0x00000004   Code   RO          461    i.BusFault_Handler  stm32f4xx_it.o
    0x0800052e   0x0800052e   0x00000002   PAD
    0x08000530   0x08000530   0x00000010   Code   RO          462    i.CAN1_RX0_IRQHandler  stm32f4xx_it.o
    0x08000540   0x08000540   0x00000010   Code   RO          463    i.CAN1_RX1_IRQHandler  stm32f4xx_it.o
    0x08000550   0x08000550   0x00000010   Code   RO          464    i.DMA1_Stream5_IRQHandler  stm32f4xx_it.o
    0x08000560   0x08000560   0x00000010   Code   RO          465    i.DMA1_Stream6_IRQHandler  stm32f4xx_it.o
    0x08000570   0x08000570   0x00000002   Code   RO          466    i.DebugMon_Handler  stm32f4xx_it.o
    0x08000572   0x08000572   0x00000006   Code   RO           13    i.Error_Handler     main.o
    0x08000578   0x08000578   0x00000156   Code   RO         1616    i.HAL_CAN_AddTxMessage  stm32f4xx_hal_can.o
    0x080006ce   0x080006ce   0x00000002   PAD
    0x080006d0   0x080006d0   0x00000124   Code   RO         1617    i.HAL_CAN_ConfigFilter  stm32f4xx_hal_can.o
    0x080007f4   0x080007f4   0x00000002   Code   RO         1620    i.HAL_CAN_ErrorCallback  stm32f4xx_hal_can.o
    0x080007f6   0x080007f6   0x0000017a   Code   RO         1623    i.HAL_CAN_GetRxMessage  stm32f4xx_hal_can.o
    0x08000970   0x08000970   0x0000024e   Code   RO         1627    i.HAL_CAN_IRQHandler  stm32f4xx_hal_can.o
    0x08000bbe   0x08000bbe   0x00000174   Code   RO         1628    i.HAL_CAN_Init      stm32f4xx_hal_can.o
    0x08000d32   0x08000d32   0x00000002   PAD
    0x08000d34   0x08000d34   0x000000a8   Code   RO          344    i.HAL_CAN_MspInit   can.o
    0x08000ddc   0x08000ddc   0x00000002   Code   RO         1635    i.HAL_CAN_RxFifo0FullCallback  stm32f4xx_hal_can.o
    0x08000dde   0x08000dde   0x00000002   PAD
    0x08000de0   0x08000de0   0x00000058   Code   RO          785    i.HAL_CAN_RxFifo0MsgPendingCallback  drv_can.o
    0x08000e38   0x08000e38   0x00000002   Code   RO         1637    i.HAL_CAN_RxFifo1FullCallback  stm32f4xx_hal_can.o
    0x08000e3a   0x08000e3a   0x00000002   PAD
    0x08000e3c   0x08000e3c   0x00000058   Code   RO          786    i.HAL_CAN_RxFifo1MsgPendingCallback  drv_can.o
    0x08000e94   0x08000e94   0x00000002   Code   RO         1639    i.HAL_CAN_SleepCallback  stm32f4xx_hal_can.o
    0x08000e96   0x08000e96   0x0000005e   Code   RO         1640    i.HAL_CAN_Start     stm32f4xx_hal_can.o
    0x08000ef4   0x08000ef4   0x00000002   Code   RO         1642    i.HAL_CAN_TxMailbox0AbortCallback  stm32f4xx_hal_can.o
    0x08000ef6   0x08000ef6   0x00000002   Code   RO         1643    i.HAL_CAN_TxMailbox0CompleteCallback  stm32f4xx_hal_can.o
    0x08000ef8   0x08000ef8   0x00000002   Code   RO         1644    i.HAL_CAN_TxMailbox1AbortCallback  stm32f4xx_hal_can.o
    0x08000efa   0x08000efa   0x00000002   Code   RO         1645    i.HAL_CAN_TxMailbox1CompleteCallback  stm32f4xx_hal_can.o
    0x08000efc   0x08000efc   0x00000002   Code   RO         1646    i.HAL_CAN_TxMailbox2AbortCallback  stm32f4xx_hal_can.o
    0x08000efe   0x08000efe   0x00000002   Code   RO         1647    i.HAL_CAN_TxMailbox2CompleteCallback  stm32f4xx_hal_can.o
    0x08000f00   0x08000f00   0x00000002   Code   RO         1649    i.HAL_CAN_WakeUpFromRxMsgCallback  stm32f4xx_hal_can.o
    0x08000f02   0x08000f02   0x000000ac   Code   RO         2520    i.HAL_DMA_Abort     stm32f4xx_hal_dma.o
    0x08000fae   0x08000fae   0x00000028   Code   RO         2521    i.HAL_DMA_Abort_IT  stm32f4xx_hal_dma.o
    0x08000fd6   0x08000fd6   0x00000002   PAD
    0x08000fd8   0x08000fd8   0x00000240   Code   RO         2525    i.HAL_DMA_IRQHandler  stm32f4xx_hal_dma.o
    0x08001218   0x08001218   0x000000ec   Code   RO         2526    i.HAL_DMA_Init      stm32f4xx_hal_dma.o
    0x08001304   0x08001304   0x00000092   Code   RO         2529    i.HAL_DMA_Start_IT  stm32f4xx_hal_dma.o
    0x08001396   0x08001396   0x00000002   PAD
    0x08001398   0x08001398   0x00000028   Code   RO         3026    i.HAL_Delay         stm32f4xx_hal.o
    0x080013c0   0x080013c0   0x00000210   Code   RO         2404    i.HAL_GPIO_Init     stm32f4xx_hal_gpio.o
    0x080015d0   0x080015d0   0x0000000c   Code   RO         2408    i.HAL_GPIO_WritePin  stm32f4xx_hal_gpio.o
    0x080015dc   0x080015dc   0x0000000c   Code   RO         3034    i.HAL_GetTick       stm32f4xx_hal.o
    0x080015e8   0x080015e8   0x00000018   Code   RO         3040    i.HAL_IncTick       stm32f4xx_hal.o
    0x08001600   0x08001600   0x0000003c   Code   RO         3041    i.HAL_Init          stm32f4xx_hal.o
    0x0800163c   0x0800163c   0x0000004c   Code   RO         3042    i.HAL_InitTick      stm32f4xx_hal.o
    0x08001688   0x08001688   0x00000048   Code   RO          581    i.HAL_MspInit       stm32f4xx_hal_msp.o
    0x080016d0   0x080016d0   0x00000020   Code   RO         2864    i.HAL_NVIC_EnableIRQ  stm32f4xx_hal_cortex.o
    0x080016f0   0x080016f0   0x0000007c   Code   RO         2870    i.HAL_NVIC_SetPriority  stm32f4xx_hal_cortex.o
    0x0800176c   0x0800176c   0x00000028   Code   RO         2871    i.HAL_NVIC_SetPriorityGrouping  stm32f4xx_hal_cortex.o
    0x08001794   0x08001794   0x0000008c   Code   RO         2784    i.HAL_PWREx_EnableOverDrive  stm32f4xx_hal_pwr_ex.o
    0x08001820   0x08001820   0x00000184   Code   RO         1885    i.HAL_RCC_ClockConfig  stm32f4xx_hal_rcc.o
    0x080019a4   0x080019a4   0x0000000c   Code   RO         1890    i.HAL_RCC_GetHCLKFreq  stm32f4xx_hal_rcc.o
    0x080019b0   0x080019b0   0x00000020   Code   RO         1892    i.HAL_RCC_GetPCLK1Freq  stm32f4xx_hal_rcc.o
    0x080019d0   0x080019d0   0x00000020   Code   RO         1893    i.HAL_RCC_GetPCLK2Freq  stm32f4xx_hal_rcc.o
    0x080019f0   0x080019f0   0x000000b0   Code   RO         1894    i.HAL_RCC_GetSysClockFreq  stm32f4xx_hal_rcc.o
    0x08001aa0   0x08001aa0   0x0000049c   Code   RO         1897    i.HAL_RCC_OscConfig  stm32f4xx_hal_rcc.o
    0x08001f3c   0x08001f3c   0x00000034   Code   RO         2875    i.HAL_SYSTICK_Config  stm32f4xx_hal_cortex.o
    0x08001f70   0x08001f70   0x00000082   Code   RO         3372    i.HAL_UARTEx_ReceiveToIdle_DMA  stm32f4xx_hal_uart.o
    0x08001ff2   0x08001ff2   0x00000002   PAD
    0x08001ff4   0x08001ff4   0x00000188   Code   RO          732    i.HAL_UARTEx_RxEventCallback  drv_uart.o
    0x0800217c   0x0800217c   0x00000002   Code   RO         3388    i.HAL_UART_ErrorCallback  stm32f4xx_hal_uart.o
    0x0800217e   0x0800217e   0x00000002   PAD
    0x08002180   0x08002180   0x000002e0   Code   RO         3391    i.HAL_UART_IRQHandler  stm32f4xx_hal_uart.o
    0x08002460   0x08002460   0x00000072   Code   RO         3392    i.HAL_UART_Init     stm32f4xx_hal_uart.o
    0x080024d2   0x080024d2   0x00000002   PAD
    0x080024d4   0x080024d4   0x0000011c   Code   RO          417    i.HAL_UART_MspInit  usart.o
    0x080025f0   0x080025f0   0x00000002   Code   RO         3398    i.HAL_UART_RxCpltCallback  stm32f4xx_hal_uart.o
    0x080025f2   0x080025f2   0x00000002   Code   RO         3399    i.HAL_UART_RxHalfCpltCallback  stm32f4xx_hal_uart.o
    0x080025f4   0x080025f4   0x000000ac   Code   RO         3401    i.HAL_UART_Transmit_DMA  stm32f4xx_hal_uart.o
    0x080026a0   0x080026a0   0x00000002   Code   RO         3403    i.HAL_UART_TxCpltCallback  stm32f4xx_hal_uart.o
    0x080026a2   0x080026a2   0x00000002   Code   RO         3404    i.HAL_UART_TxHalfCpltCallback  stm32f4xx_hal_uart.o
    0x080026a4   0x080026a4   0x00000004   Code   RO          467    i.HardFault_Handler  stm32f4xx_it.o
    0x080026a8   0x080026a8   0x00000044   Code   RO          345    i.MX_CAN1_Init      can.o
    0x080026ec   0x080026ec   0x00000048   Code   RO          388    i.MX_DMA_Init       dma.o
    0x08002734   0x08002734   0x00000098   Code   RO          228    i.MX_GPIO_Init      gpio.o
    0x080027cc   0x080027cc   0x00000038   Code   RO          418    i.MX_USART2_UART_Init  usart.o
    0x08002804   0x08002804   0x00000004   Code   RO          468    i.MemManage_Handler  stm32f4xx_it.o
    0x08002808   0x08002808   0x00000004   Code   RO          469    i.NMI_Handler       stm32f4xx_it.o
    0x0800280c   0x0800280c   0x00000002   Code   RO          470    i.PendSV_Handler    stm32f4xx_it.o
    0x0800280e   0x0800280e   0x00000002   Code   RO          471    i.SVC_Handler       stm32f4xx_it.o
    0x08002810   0x08002810   0x00000008   Code   RO          472    i.SysTick_Handler   stm32f4xx_it.o
    0x08002818   0x08002818   0x00000014   Code   RO         3792    i.SystemInit        system_stm32f4xx.o
    0x0800282c   0x0800282c   0x000000d0   Code   RO         3405    i.UART_Start_Receive_DMA  stm32f4xx_hal_uart.o
    0x080028fc   0x080028fc   0x00000010   Code   RO          473    i.USART2_IRQHandler  stm32f4xx_it.o
    0x0800290c   0x0800290c   0x00000004   Code   RO          474    i.UsageFault_Handler  stm32f4xx_it.o
    0x08002910   0x08002910   0x00000014   Code   RO          606    i._Z11BSP_DC24_LD20Enum_BSP_DC24_Status  drv_bsp.o
    0x08002924   0x08002924   0x00000014   Code   RO          607    i._Z11BSP_DC24_LU20Enum_BSP_DC24_Status  drv_bsp.o
    0x08002938   0x08002938   0x00000014   Code   RO          608    i._Z11BSP_DC24_RD20Enum_BSP_DC24_Status  drv_bsp.o
    0x0800294c   0x0800294c   0x00000014   Code   RO          609    i._Z11BSP_DC24_RU20Enum_BSP_DC24_Status  drv_bsp.o
    0x08002960   0x08002960   0x00000028   Code   RO          787    i._Z13CAN_Send_DataP19__CAN_HandleTypeDeftPht  drv_can.o
    0x08002988   0x08002988   0x00000014   Code   RO          733    i._Z14UART_Send_DataP20__UART_HandleTypeDefPht  drv_uart.o
    0x0800299c   0x0800299c   0x0000006c   Code   RO         1147    i._Z16allocate_tx_dataP19__CAN_HandleTypeDef17Enum_CAN_Motor_ID  dvc_motor.o
    0x08002a08   0x08002a08   0x000000bc   Code   RO           14    i._Z18SystemClock_Configv  main.o
    0x08002ac4   0x08002ac4   0x00000020   Code   RO           15    i._Z19CAN_Motor_Call_BackP20Struct_CAN_Rx_Buffer  main.o
    0x08002ae4   0x08002ae4   0x0000006e   Code   RO          788    i._Z22CAN_Filter_Mask_ConfigP19__CAN_HandleTypeDefhjj  drv_can.o
    0x08002b52   0x08002b52   0x00000002   PAD
    0x08002b54   0x08002b54   0x00000120   Code   RO           16    i._Z25UART_Serialplot_Call_BackPht  main.o
    0x08002c74   0x08002c74   0x00000034   Code   RO          789    i._Z29TIM_CAN_PeriodElapsedCallbackv  drv_can.o
    0x08002ca8   0x08002ca8   0x00000018   Code   RO          734    i._Z30TIM_UART_PeriodElapsedCallbackv  drv_uart.o
    0x08002cc0   0x08002cc0   0x0000009a   Code   RO          610    i._Z8BSP_Initjff    drv_bsp.o
    0x08002d5a   0x08002d5a   0x00000002   PAD
    0x08002d5c   0x08002d5c   0x00000084   Code   RO          790    i._Z8CAN_InitP19__CAN_HandleTypeDefPFvP20Struct_CAN_Rx_BufferE  drv_can.o
    0x08002de0   0x08002de0   0x00000014   Code   RO          611    i._Z9BSP_LED_119Enum_BSP_LED_Status  drv_bsp.o
    0x08002df4   0x08002df4   0x00000014   Code   RO          612    i._Z9BSP_LED_219Enum_BSP_LED_Status  drv_bsp.o
    0x08002e08   0x08002e08   0x00000014   Code   RO          613    i._Z9BSP_LED_319Enum_BSP_LED_Status  drv_bsp.o
    0x08002e1c   0x08002e1c   0x00000014   Code   RO          614    i._Z9BSP_LED_419Enum_BSP_LED_Status  drv_bsp.o
    0x08002e30   0x08002e30   0x00000014   Code   RO          615    i._Z9BSP_LED_519Enum_BSP_LED_Status  drv_bsp.o
    0x08002e44   0x08002e44   0x00000014   Code   RO          616    i._Z9BSP_LED_619Enum_BSP_LED_Status  drv_bsp.o
    0x08002e58   0x08002e58   0x00000014   Code   RO          617    i._Z9BSP_LED_719Enum_BSP_LED_Status  drv_bsp.o
    0x08002e6c   0x08002e6c   0x00000018   Code   RO          618    i._Z9BSP_LED_819Enum_BSP_LED_Status  drv_bsp.o
    0x08002e84   0x08002e84   0x00000018   Code   RO          619    i._Z9BSP_LED_G19Enum_BSP_LED_Status  drv_bsp.o
    0x08002e9c   0x08002e9c   0x00000018   Code   RO          620    i._Z9BSP_LED_R19Enum_BSP_LED_Status  drv_bsp.o
    0x08002eb4   0x08002eb4   0x00000168   Code   RO          735    i._Z9UART_InitP20__UART_HandleTypeDefPFvPhtEt  drv_uart.o
    0x0800301c   0x0800301c   0x00000006   Code   RO         1169    i._ZN16Class_Motor_C62013Get_Now_AngleEv  dvc_motor.o
    0x08003022   0x08003022   0x00000006   Code   RO         1170    i._ZN16Class_Motor_C62013Get_Now_OmegaEv  dvc_motor.o
    0x08003028   0x08003028   0x00000006   Code   RO         1173    i._ZN16Class_Motor_C62016Get_Target_AngleEv  dvc_motor.o
    0x0800302e   0x0800302e   0x00000006   Code   RO         1174    i._ZN16Class_Motor_C62016Get_Target_OmegaEv  dvc_motor.o
    0x08003034   0x08003034   0x00000006   Code   RO         1175    i._ZN16Class_Motor_C62016Set_Target_AngleEf  dvc_motor.o
    0x0800303a   0x0800303a   0x00000002   PAD
    0x0800303c   0x0800303c   0x000000e4   Code   RO         1179    i._ZN16Class_Motor_C62018CAN_RxCpltCallbackEPh  dvc_motor.o
    0x08003120   0x08003120   0x00000130   Code   RO         1184    i._ZN16Class_Motor_C62029TIM_PID_PeriodElapsedCallbackEv  dvc_motor.o
    0x08003250   0x08003250   0x00000058   Code   RO         1186    i._ZN16Class_Motor_C6204InitEP19__CAN_HandleTypeDef17Enum_CAN_Motor_ID19Enum_Control_Methodff  dvc_motor.o
    0x080032a8   0x080032a8   0x00000028   Code   RO         1187    i._ZN16Class_Motor_C6206OutputEv  dvc_motor.o
    0x080032d0   0x080032d0   0x00000006   Code   RO         1189    i._ZN16Class_Motor_C6207Set_OutEf  dvc_motor.o
    0x080032d6   0x080032d6   0x00000002   PAD
    0x080032d8   0x080032d8   0x0000009c   Code   RO           71    i._ZN16Class_Motor_C620C1Ev  main.o
    0x08003374   0x08003374   0x00000008   Code   RO         1054    i._ZN16Class_Serialplot18Get_Variable_IndexEv  dvc_serialplot.o
    0x0800337c   0x0800337c   0x00000018   Code   RO         1055    i._ZN16Class_Serialplot18Get_Variable_ValueEv  dvc_serialplot.o
    0x08003394   0x08003394   0x00000060   Code   RO         1056    i._ZN16Class_Serialplot19Judge_Variable_NameEv  dvc_serialplot.o
    0x080033f4   0x080033f4   0x00000018   Code   RO         1057    i._ZN16Class_Serialplot19UART_RxCpltCallbackEPh  dvc_serialplot.o
    0x0800340c   0x0800340c   0x000000dc   Code   RO         1058    i._ZN16Class_Serialplot20Judge_Variable_ValueEi  dvc_serialplot.o
    0x080034e8   0x080034e8   0x0000000c   Code   RO         1059    i._ZN16Class_Serialplot31TIM_Write_PeriodElapsedCallbackEv  dvc_serialplot.o
    0x080034f4   0x080034f4   0x000000c4   Code   RO         1060    i._ZN16Class_Serialplot4InitEP20__UART_HandleTypeDefhPPc25Enum_Serialplot_Data_Typeh  dvc_serialplot.o
    0x080035b8   0x080035b8   0x000000e0   Code   RO         1061    i._ZN16Class_Serialplot6OutputEv  dvc_serialplot.o
    0x08003698   0x08003698   0x0000003a   Code   RO         1062    i._ZN16Class_Serialplot8Set_DataEhz  dvc_serialplot.o
    0x080036d2   0x080036d2   0x0000002c   Code   RO         2532    i._ZN41_INTERNAL_19_stm32f4xx_hal_dma_c_c25f65ec13DMA_SetConfigEP19__DMA_HandleTypeDefjjj  stm32f4xx_hal_dma.o
    0x080036fe   0x080036fe   0x000000aa   Code   RO         2533    i._ZN41_INTERNAL_19_stm32f4xx_hal_dma_c_c25f65ec18DMA_CheckFifoParamEP19__DMA_HandleTypeDef  stm32f4xx_hal_dma.o
    0x080037a8   0x080037a8   0x00000034   Code   RO         2534    i._ZN41_INTERNAL_19_stm32f4xx_hal_dma_c_c25f65ec23DMA_CalcBaseAndBitshiftEP19__DMA_HandleTypeDef  stm32f4xx_hal_dma.o
    0x080037dc   0x080037dc   0x00000050   Code   RO         3407    i._ZN42_INTERNAL_20_stm32f4xx_hal_uart_c_d497114f13UART_DMAErrorEP19__DMA_HandleTypeDef  stm32f4xx_hal_uart.o
    0x0800382c   0x0800382c   0x0000022c   Code   RO         3408    i._ZN42_INTERNAL_20_stm32f4xx_hal_uart_c_d497114f14UART_SetConfigEP20__UART_HandleTypeDef  stm32f4xx_hal_uart.o
    0x08003a58   0x08003a58   0x000000f8   Code   RO         3409    i._ZN42_INTERNAL_20_stm32f4xx_hal_uart_c_d497114f15UART_Receive_ITEP20__UART_HandleTypeDef  stm32f4xx_hal_uart.o
    0x08003b50   0x08003b50   0x00000060   Code   RO         3410    i._ZN42_INTERNAL_20_stm32f4xx_hal_uart_c_d497114f16UART_Transmit_ITEP20__UART_HandleTypeDef  stm32f4xx_hal_uart.o
    0x08003bb0   0x08003bb0   0x00000020   Code   RO         3411    i._ZN42_INTERNAL_20_stm32f4xx_hal_uart_c_d497114f18UART_DMARxHalfCpltEP19__DMA_HandleTypeDef  stm32f4xx_hal_uart.o
    0x08003bd0   0x08003bd0   0x0000000e   Code   RO         3412    i._ZN42_INTERNAL_20_stm32f4xx_hal_uart_c_d497114f18UART_DMATxHalfCpltEP19__DMA_HandleTypeDef  stm32f4xx_hal_uart.o
    0x08003bde   0x08003bde   0x0000006c   Code   RO         3413    i._ZN42_INTERNAL_20_stm32f4xx_hal_uart_c_d497114f18UART_EndRxTransferEP20__UART_HandleTypeDef  stm32f4xx_hal_uart.o
    0x08003c4a   0x08003c4a   0x00000026   Code   RO         3414    i._ZN42_INTERNAL_20_stm32f4xx_hal_uart_c_d497114f18UART_EndTxTransferEP20__UART_HandleTypeDef  stm32f4xx_hal_uart.o
    0x08003c70   0x08003c70   0x000000b0   Code   RO         3415    i._ZN42_INTERNAL_20_stm32f4xx_hal_uart_c_d497114f19UART_DMAReceiveCpltEP19__DMA_HandleTypeDef  stm32f4xx_hal_uart.o
    0x08003d20   0x08003d20   0x00000020   Code   RO         3416    i._ZN42_INTERNAL_20_stm32f4xx_hal_uart_c_d497114f19UART_EndTransmit_ITEP20__UART_HandleTypeDef  stm32f4xx_hal_uart.o
    0x08003d40   0x08003d40   0x00000014   Code   RO         3417    i._ZN42_INTERNAL_20_stm32f4xx_hal_uart_c_d497114f20UART_DMAAbortOnErrorEP19__DMA_HandleTypeDef  stm32f4xx_hal_uart.o
    0x08003d54   0x08003d54   0x00000058   Code   RO         3418    i._ZN42_INTERNAL_20_stm32f4xx_hal_uart_c_d497114f20UART_DMATransmitCpltEP19__DMA_HandleTypeDef  stm32f4xx_hal_uart.o
    0x08003dac   0x08003dac   0x00000028   Code   RO         2877    i._ZN44_INTERNAL_22_stm32f4xx_hal_cortex_c_2992dbc018__NVIC_SetPriorityE9IRQn_Typej  stm32f4xx_hal_cortex.o
    0x08003dd4   0x08003dd4   0x00000010   Code   RO         2878    i._ZN44_INTERNAL_22_stm32f4xx_hal_cortex_c_2992dbc026__NVIC_GetPriorityGroupingEv  stm32f4xx_hal_cortex.o
    0x08003de4   0x08003de4   0x00000006   Code   RO          932    i._ZN9Class_PID10Set_TargetEf  alg_pid.o
    0x08003dea   0x08003dea   0x00000002   PAD
    0x08003dec   0x08003dec   0x00000274   Code   RO          940    i._ZN9Class_PID32TIM_Adjust_PeriodElapsedCallbackEv  alg_pid.o
    0x08004060   0x08004060   0x00000030   Code   RO          941    i._ZN9Class_PID4InitEfffffffffff16Enum_PID_D_First  alg_pid.o
    0x08004090   0x08004090   0x00000006   Code   RO          942    i._ZN9Class_PID7Get_OutEv  alg_pid.o
    0x08004096   0x08004096   0x00000006   Code   RO          943    i._ZN9Class_PID7Set_K_DEf  alg_pid.o
    0x0800409c   0x0800409c   0x00000006   Code   RO          945    i._ZN9Class_PID7Set_K_IEf  alg_pid.o
    0x080040a2   0x080040a2   0x00000006   Code   RO          946    i._ZN9Class_PID7Set_K_PEf  alg_pid.o
    0x080040a8   0x080040a8   0x00000006   Code   RO          947    i._ZN9Class_PID7Set_NowEf  alg_pid.o
    0x080040ae   0x080040ae   0x00000002   PAD
    0x080040b0   0x080040b0   0x00000090   Code   RO           68    i._ZN9Class_PIDC1Ev  main.o
    0x08004140   0x08004140   0x00000026   Code   RO         3938    i.__ARM_fpclassifyf  m_wm.l(fpclassifyf.o)
    0x08004166   0x08004166   0x00000002   PAD
    0x08004168   0x08004168   0x00000664   Code   RO         3849    i.__hardfp_powf     m_wm.l(powf.o)
    0x080047cc   0x080047cc   0x00000014   Code   RO         3940    i.__mathlib_flt_divzero  m_wm.l(funder.o)
    0x080047e0   0x080047e0   0x00000006   Code   RO         3942    i.__mathlib_flt_infnan2  m_wm.l(funder.o)
    0x080047e6   0x080047e6   0x00000002   PAD
    0x080047e8   0x080047e8   0x00000010   Code   RO         3943    i.__mathlib_flt_invalid  m_wm.l(funder.o)
    0x080047f8   0x080047f8   0x00000010   Code   RO         3944    i.__mathlib_flt_overflow  m_wm.l(funder.o)
    0x08004808   0x08004808   0x00000010   Code   RO         3946    i.__mathlib_flt_underflow  m_wm.l(funder.o)
    0x08004818   0x08004818   0x0000002c   Code   RO           17    i.__sti___6_main_c_18ce1bfb  main.o
    0x08004844   0x08004844   0x000001b4   Code   RO           18    i.main              main.o
    0x080049f8   0x080049f8   0x00000028   Code   RO         1031    t._Z14Math_ConstrainIfEvPT_S0_S0_  alg_pid.o
    0x08004a20   0x08004a20   0x0000001a   Code   RO          909    t._Z8Math_AbsIfET_S0_  drv_math.o
    0x08004a3a   0x08004a3a   0x00000002   PAD
    0x08004a3c   0x08004a3c   0x00000062   Code   RO         3845    x$fpl$d2f           fz_wm.l(d2f.o)
    0x08004a9e   0x08004a9e   0x0000009c   Code   RO         3927    x$fpl$dnaninf       fz_wm.l(dnaninf.o)
    0x08004b3a   0x08004b3a   0x0000000c   Code   RO         3929    x$fpl$dretinf       fz_wm.l(dretinf.o)
    0x08004b46   0x08004b46   0x00000002   PAD
    0x08004b48   0x08004b48   0x00000056   Code   RO         3847    x$fpl$f2d           fz_wm.l(f2d.o)
    0x08004b9e   0x08004b9e   0x0000008c   Code   RO         3931    x$fpl$fnaninf       fz_wm.l(fnaninf.o)
    0x08004c2a   0x08004c2a   0x0000000a   Code   RO         3981    x$fpl$fpinit        fz_wm.l(fpinit.o)
    0x08004c34   0x08004c34   0x0000000a   Code   RO         3933    x$fpl$fretinf       fz_wm.l(fretinf.o)
    0x08004c3e   0x08004c3e   0x00000000   Code   RO         3937    x$fpl$usenofp       fz_wm.l(usenofp.o)
    0x08004c3e   0x08004c3e   0x00000008   Data   RO         2550    .constdata          stm32f4xx_hal_dma.o
    0x08004c46   0x08004c46   0x00000018   Data   RO         3795    .constdata          system_stm32f4xx.o
    0x08004c5e   0x08004c5e   0x00000002   PAD
    0x08004c60   0x08004c60   0x00000140   Data   RO         3852    .constdata          m_wm.l(powf.o)
    0x08004da0   0x08004da0   0x00000020   Data   RO         4077    Region$$Table       anon$$obj.o
    0x08004dc0   0x08004dc0   0x00000004   Data   RO           27    .init_array         main.o
    0x08004dc4   0x08004dc0   0x00000000   Data   RO         3840    .init_array         c_w.l(init_aeabi.o)


    Execution Region RW_IRAM2 (Exec base: 0x10000000, Load base: 0x08004de8, Size: 0x00000000, Max: 0x00010000, ABSOLUTE)

    **** No section assigned to this execution region ****


    Execution Region RW_IRAM1 (Exec base: 0x20000000, Load base: 0x08004dc4, Size: 0x00001c40, Max: 0x00030000, ABSOLUTE, COMPRESSED[0x00000024])

    Exec Addr    Load Addr    Size         Type   Attr      Idx    E Section Name        Object

    0x20000000   COMPRESSED   0x0000026c   Data   RW           26    .data               main.o
    0x2000026c   COMPRESSED   0x0000003c   Data   RW          798    .data               drv_can.o
    0x200002a8   COMPRESSED   0x00000009   Data   RW         3077    .data               stm32f4xx_hal.o
    0x200002b1   COMPRESSED   0x00000003   PAD
    0x200002b4   COMPRESSED   0x00000004   Data   RW         3796    .data               system_stm32f4xx.o
    0x200002b8        -       0x00000140   Zero   RW           25    .bss                main.o
    0x200003f8        -       0x00000028   Zero   RW          349    .bss                can.o
    0x20000420        -       0x00000104   Zero   RW          422    .bss                usart.o
    0x20000524        -       0x00001060   Zero   RW          740    .bss                drv_uart.o
    0x20001584        -       0x00000058   Zero   RW          797    .bss                drv_can.o
    0x200015dc        -       0x00000060   Zero   RW         3984    .bss                c_w.l(libspace.o)
    0x2000163c   COMPRESSED   0x00000004   PAD
    0x20001640        -       0x00000200   Zero   RW            2    HEAP                startup_stm32f427xx.o
    0x20001840        -       0x00000400   Zero   RW            1    STACK               startup_stm32f427xx.o


==============================================================================

Image component sizes


      Code (inc. data)   RO Data    RW Data    ZI Data      Debug   Object Name

       752          6          0          0          0       6765   alg_pid.o
       236         22          0          0         40       1713   can.o
        72          4          0          0          0        798   dma.o
       446         62          0          0          0       8795   drv_bsp.o
       510         60          0         60         88       5691   drv_can.o
        26          0          0          0          0        571   drv_math.o
       796        140          0          0       4192       4310   drv_uart.o
       804         60          0          0          0     624604   dvc_motor.o
       862         72          0          0          0       9275   dvc_serialplot.o
       152         10          0          0          0     714539   gpio.o
      1294        144          4        620        320     728764   main.o
        64         26        428          0       1536        844   startup_stm32f427xx.o
       212         36          0          9          0       9577   stm32f4xx_hal.o
      2090          6          0          0          0      13008   stm32f4xx_hal_can.o
       304         22          0          0          0      34463   stm32f4xx_hal_cortex.o
      1436         16          8          0          0       7070   stm32f4xx_hal_dma.o
       540         54          0          0          0       2156   stm32f4xx_hal_gpio.o
        72          4          0          0          0        882   stm32f4xx_hal_msp.o
       140         12          0          0          0       1304   stm32f4xx_hal_pwr_ex.o
      1820         84          0          0          0       5652   stm32f4xx_hal_rcc.o
      2858         38          0          0          0      17035   stm32f4xx_hal_uart.o
       114         30          0          0          0       6746   stm32f4xx_it.o
        20          6         24          4          0       1155   system_stm32f4xx.o
       340         36          0          0        260       1916   usart.o

    ----------------------------------------------------------------------
     15994        950        498        696       6436    2207633   Object Totals
         0          0         32          0          0          0   (incl. Generated)
        34          0          2          3          0          0   (incl. Padding)

    ----------------------------------------------------------------------

      Code (inc. data)   RO Data    RW Data    ZI Data      Debug   Library Member Name

        58          0          0          0          0          0   __dczerorl.o
         8          0          0          0          0         68   __main.o
         0          0          0          0          0          0   __rtentry.o
        12          0          0          0          0          0   __rtentry2.o
         6          0          0          0          0          0   __rtentry4.o
        52          8          0          0          0          0   __scatter.o
        28          0          0          0          0          0   __scatter_zi.o
        22          0          0          0          0        100   _rserrno.o
        18          0          0          0          0         80   exit.o
         6          0          0          0          0        152   heapauxi.o
         0          0          0          0          0          0   indicate_semi.o
        36         10          0          0          0         80   init_aeabi.o
         2          0          0          0          0          0   libinit.o
        10          0          0          0          0          0   libinit2.o
         2          0          0          0          0          0   libshutdown.o
         2          0          0          0          0          0   libshutdown2.o
         8          4          0          0         96         68   libspace.o
       238          0          0          0          0        100   lludivv7m.o
         8          4          0          0          0         68   rt_errno_addr_intlibspace.o
        78          0          0          0          0         80   rt_memclr_w.o
         2          0          0          0          0          0   rtexit.o
        10          0          0          0          0          0   rtexit2.o
       128          0          0          0          0         68   strcmpv7m.o
        12          4          0          0          0         68   sys_exit.o
        74          0          0          0          0         80   sys_stackheap_outer.o
         2          0          0          0          0         68   use_no_semi.o
        98          4          0          0          0        140   d2f.o
       156          4          0          0          0        140   dnaninf.o
        12          0          0          0          0        116   dretinf.o
        86          4          0          0          0        132   f2d.o
       140          4          0          0          0        132   fnaninf.o
        10          0          0          0          0        116   fpinit.o
        10          0          0          0          0        116   fretinf.o
         0          0          0          0          0          0   usenofp.o
        38          0          0          0          0        116   fpclassifyf.o
        74         24          0          0          0        580   funder.o
      1636        110        320          0          0        372   powf.o

    ----------------------------------------------------------------------
      3096        180        320          0        100       3040   Library Totals
        14          0          0          0          4          0   (incl. Padding)

    ----------------------------------------------------------------------

      Code (inc. data)   RO Data    RW Data    ZI Data      Debug   Library Name

       822         30          0          0         96       1080   c_w.l
       512         16          0          0          0        892   fz_wm.l
      1748        134        320          0          0       1068   m_wm.l

    ----------------------------------------------------------------------
      3096        180        320          0        100       3040   Library Totals

    ----------------------------------------------------------------------

==============================================================================


      Code (inc. data)   RO Data    RW Data    ZI Data      Debug   

     19090       1130        818        696       6536    2194905   Grand Totals
     19090       1130        818         36       6536    2194905   ELF Image Totals (compressed)
     19090       1130        818         36          0          0   ROM Totals

==============================================================================

    Total RO  Size (Code + RO Data)                19908 (  19.44kB)
    Total RW  Size (RW Data + ZI Data)              7232 (   7.06kB)
    Total ROM Size (Code + RO Data + RW Data)      19944 (  19.48kB)

==============================================================================

