[0.070s] DEBUG:colcon:Command line arguments: ['/usr/bin/colcon', 'build']
[0.070s] DEBUG:colcon:Parsed command line arguments: Namespace(log_base=None, log_level=None, verb_name='build', build_base='build', install_base='install', merge_install=False, symlink_install=False, test_result_base=None, continue_on_error=False, executor='parallel', parallel_workers=20, event_handlers=None, ignore_user_meta=False, metas=['./colcon.meta'], base_paths=['.'], packages_ignore=None, packages_ignore_regex=None, paths=None, packages_up_to=None, packages_up_to_regex=None, packages_above=None, packages_above_and_dependencies=None, packages_above_depth=None, packages_select_by_dep=None, packages_skip_by_dep=None, packages_skip_up_to=None, packages_select_build_failed=False, packages_skip_build_finished=False, packages_select_test_failures=False, packages_skip_test_passed=False, packages_select=None, packages_skip=None, packages_select_regex=None, packages_skip_regex=None, packages_start=None, packages_end=None, allow_overriding=[], cmake_args=None, cmake_target=None, cmake_target_skip_unavailable=False, cmake_clean_cache=False, cmake_clean_first=False, cmake_force_configure=False, ament_cmake_args=None, catkin_cmake_args=None, catkin_skip_building_tests=False, verb_parser=<colcon_defaults.argument_parser.defaults.DefaultArgumentsDecorator object at 0x7f8d243053f0>, verb_extension=<colcon_core.verb.build.BuildVerb object at 0x7f8d244e2140>, main=<bound method BuildVerb.main of <colcon_core.verb.build.BuildVerb object at 0x7f8d244e2140>>)
[0.225s] Level 1:colcon.colcon_core.package_discovery:discover_packages(colcon_meta) check parameters
[0.225s] Level 1:colcon.colcon_core.package_discovery:discover_packages(recursive) check parameters
[0.225s] Level 1:colcon.colcon_core.package_discovery:discover_packages(ignore) check parameters
[0.225s] Level 1:colcon.colcon_core.package_discovery:discover_packages(path) check parameters
[0.225s] Level 1:colcon.colcon_core.package_discovery:discover_packages(colcon_meta) discover
[0.225s] Level 1:colcon.colcon_core.package_discovery:discover_packages(recursive) discover
[0.225s] INFO:colcon.colcon_core.package_discovery:Crawling recursively for packages in '/home/ljhua/robocon/ROBOCON2025/Lidar_Pointlio (jinhua)/unilidar_sdk2-2.0.4/unitree_lidar_ros2'
[0.225s] Level 1:colcon.colcon_core.package_identification:_identify(.) by extensions ['ignore', 'ignore_ament_install']
[0.225s] Level 1:colcon.colcon_core.package_identification:_identify(.) by extension 'ignore'
[0.225s] Level 1:colcon.colcon_core.package_identification:_identify(.) by extension 'ignore_ament_install'
[0.225s] Level 1:colcon.colcon_core.package_identification:_identify(.) by extensions ['colcon_pkg']
[0.225s] Level 1:colcon.colcon_core.package_identification:_identify(.) by extension 'colcon_pkg'
[0.225s] Level 1:colcon.colcon_core.package_identification:_identify(.) by extensions ['colcon_meta']
[0.225s] Level 1:colcon.colcon_core.package_identification:_identify(.) by extension 'colcon_meta'
[0.225s] Level 1:colcon.colcon_core.package_identification:_identify(.) by extensions ['ros']
[0.225s] Level 1:colcon.colcon_core.package_identification:_identify(.) by extension 'ros'
[0.235s] Level 1:colcon.colcon_core.package_identification:_identify(.) by extensions ['cmake', 'python']
[0.235s] Level 1:colcon.colcon_core.package_identification:_identify(.) by extension 'cmake'
[0.235s] Level 1:colcon.colcon_core.package_identification:_identify(.) by extension 'python'
[0.235s] Level 1:colcon.colcon_core.package_identification:_identify(.) by extensions ['python_setup_py']
[0.235s] Level 1:colcon.colcon_core.package_identification:_identify(.) by extension 'python_setup_py'
[0.235s] Level 1:colcon.colcon_core.package_identification:_identify(build) by extensions ['ignore', 'ignore_ament_install']
[0.235s] Level 1:colcon.colcon_core.package_identification:_identify(build) by extension 'ignore'
[0.235s] Level 1:colcon.colcon_core.package_identification:_identify(build) ignored
[0.235s] Level 1:colcon.colcon_core.package_identification:_identify(install) by extensions ['ignore', 'ignore_ament_install']
[0.235s] Level 1:colcon.colcon_core.package_identification:_identify(install) by extension 'ignore'
[0.235s] Level 1:colcon.colcon_core.package_identification:_identify(install) ignored
[0.235s] Level 1:colcon.colcon_core.package_identification:_identify(log) by extensions ['ignore', 'ignore_ament_install']
[0.235s] Level 1:colcon.colcon_core.package_identification:_identify(log) by extension 'ignore'
[0.235s] Level 1:colcon.colcon_core.package_identification:_identify(log) ignored
[0.235s] Level 1:colcon.colcon_core.package_identification:_identify(src) by extensions ['ignore', 'ignore_ament_install']
[0.235s] Level 1:colcon.colcon_core.package_identification:_identify(src) by extension 'ignore'
[0.235s] Level 1:colcon.colcon_core.package_identification:_identify(src) by extension 'ignore_ament_install'
[0.235s] Level 1:colcon.colcon_core.package_identification:_identify(src) by extensions ['colcon_pkg']
[0.235s] Level 1:colcon.colcon_core.package_identification:_identify(src) by extension 'colcon_pkg'
[0.235s] Level 1:colcon.colcon_core.package_identification:_identify(src) by extensions ['colcon_meta']
[0.235s] Level 1:colcon.colcon_core.package_identification:_identify(src) by extension 'colcon_meta'
[0.235s] Level 1:colcon.colcon_core.package_identification:_identify(src) by extensions ['ros']
[0.235s] Level 1:colcon.colcon_core.package_identification:_identify(src) by extension 'ros'
[0.235s] Level 1:colcon.colcon_core.package_identification:_identify(src) by extensions ['cmake', 'python']
[0.235s] Level 1:colcon.colcon_core.package_identification:_identify(src) by extension 'cmake'
[0.235s] Level 1:colcon.colcon_core.package_identification:_identify(src) by extension 'python'
[0.236s] Level 1:colcon.colcon_core.package_identification:_identify(src) by extensions ['python_setup_py']
[0.236s] Level 1:colcon.colcon_core.package_identification:_identify(src) by extension 'python_setup_py'
[0.236s] Level 1:colcon.colcon_core.package_identification:_identify(src/unitree_lidar_ros2) by extensions ['ignore', 'ignore_ament_install']
[0.236s] Level 1:colcon.colcon_core.package_identification:_identify(src/unitree_lidar_ros2) by extension 'ignore'
[0.236s] Level 1:colcon.colcon_core.package_identification:_identify(src/unitree_lidar_ros2) by extension 'ignore_ament_install'
[0.236s] Level 1:colcon.colcon_core.package_identification:_identify(src/unitree_lidar_ros2) by extensions ['colcon_pkg']
[0.236s] Level 1:colcon.colcon_core.package_identification:_identify(src/unitree_lidar_ros2) by extension 'colcon_pkg'
[0.236s] Level 1:colcon.colcon_core.package_identification:_identify(src/unitree_lidar_ros2) by extensions ['colcon_meta']
[0.236s] Level 1:colcon.colcon_core.package_identification:_identify(src/unitree_lidar_ros2) by extension 'colcon_meta'
[0.236s] Level 1:colcon.colcon_core.package_identification:_identify(src/unitree_lidar_ros2) by extensions ['ros']
[0.236s] Level 1:colcon.colcon_core.package_identification:_identify(src/unitree_lidar_ros2) by extension 'ros'
[0.238s] DEBUG:colcon.colcon_core.package_identification:Package 'src/unitree_lidar_ros2' with type 'ros.ament_cmake' and name 'unitree_lidar_ros2'
[0.238s] Level 1:colcon.colcon_core.package_discovery:discover_packages(recursive) using defaults
[0.238s] Level 1:colcon.colcon_core.package_discovery:discover_packages(ignore) discover
[0.238s] Level 1:colcon.colcon_core.package_discovery:discover_packages(ignore) using defaults
[0.238s] Level 1:colcon.colcon_core.package_discovery:discover_packages(path) discover
[0.238s] Level 1:colcon.colcon_core.package_discovery:discover_packages(path) using defaults
[0.250s] Level 1:colcon.colcon_core.package_discovery:discover_packages(prefix_path) check parameters
[0.250s] Level 1:colcon.colcon_core.package_discovery:discover_packages(prefix_path) discover
[0.251s] DEBUG:colcon.colcon_installed_package_information.package_discovery:Found 275 installed packages in /opt/ros/humble
[0.252s] Level 1:colcon.colcon_core.package_discovery:discover_packages(prefix_path) using defaults
[0.272s] Level 5:colcon.colcon_core.verb:set package 'unitree_lidar_ros2' build argument 'cmake_args' from command line to 'None'
[0.272s] Level 5:colcon.colcon_core.verb:set package 'unitree_lidar_ros2' build argument 'cmake_target' from command line to 'None'
[0.272s] Level 5:colcon.colcon_core.verb:set package 'unitree_lidar_ros2' build argument 'cmake_target_skip_unavailable' from command line to 'False'
[0.272s] Level 5:colcon.colcon_core.verb:set package 'unitree_lidar_ros2' build argument 'cmake_clean_cache' from command line to 'False'
[0.272s] Level 5:colcon.colcon_core.verb:set package 'unitree_lidar_ros2' build argument 'cmake_clean_first' from command line to 'False'
[0.272s] Level 5:colcon.colcon_core.verb:set package 'unitree_lidar_ros2' build argument 'cmake_force_configure' from command line to 'False'
[0.272s] Level 5:colcon.colcon_core.verb:set package 'unitree_lidar_ros2' build argument 'ament_cmake_args' from command line to 'None'
[0.272s] Level 5:colcon.colcon_core.verb:set package 'unitree_lidar_ros2' build argument 'catkin_cmake_args' from command line to 'None'
[0.272s] Level 5:colcon.colcon_core.verb:set package 'unitree_lidar_ros2' build argument 'catkin_skip_building_tests' from command line to 'False'
[0.272s] DEBUG:colcon.colcon_core.verb:Building package 'unitree_lidar_ros2' with the following arguments: {'ament_cmake_args': None, 'build_base': '/home/ljhua/robocon/ROBOCON2025/Lidar_Pointlio (jinhua)/unilidar_sdk2-2.0.4/unitree_lidar_ros2/build/unitree_lidar_ros2', 'catkin_cmake_args': None, 'catkin_skip_building_tests': False, 'cmake_args': None, 'cmake_clean_cache': False, 'cmake_clean_first': False, 'cmake_force_configure': False, 'cmake_target': None, 'cmake_target_skip_unavailable': False, 'install_base': '/home/ljhua/robocon/ROBOCON2025/Lidar_Pointlio (jinhua)/unilidar_sdk2-2.0.4/unitree_lidar_ros2/install/unitree_lidar_ros2', 'merge_install': False, 'path': '/home/ljhua/robocon/ROBOCON2025/Lidar_Pointlio (jinhua)/unilidar_sdk2-2.0.4/unitree_lidar_ros2/src/unitree_lidar_ros2', 'symlink_install': False, 'test_result_base': None}
[0.272s] INFO:colcon.colcon_core.executor:Executing jobs using 'parallel' executor
[0.273s] DEBUG:colcon.colcon_parallel_executor.executor.parallel:run_until_complete
[0.274s] INFO:colcon.colcon_ros.task.ament_cmake.build:Building ROS package in '/home/ljhua/robocon/ROBOCON2025/Lidar_Pointlio (jinhua)/unilidar_sdk2-2.0.4/unitree_lidar_ros2/src/unitree_lidar_ros2' with build type 'ament_cmake'
[0.274s] INFO:colcon.colcon_cmake.task.cmake.build:Building CMake package in '/home/ljhua/robocon/ROBOCON2025/Lidar_Pointlio (jinhua)/unilidar_sdk2-2.0.4/unitree_lidar_ros2/src/unitree_lidar_ros2'
[0.275s] INFO:colcon.colcon_core.plugin_system:Skipping extension 'colcon_core.shell.bat': Not used on non-Windows systems
[0.275s] INFO:colcon.colcon_core.shell:Skip shell extension 'powershell' for command environment: Not usable outside of PowerShell
[0.275s] DEBUG:colcon.colcon_core.shell:Skip shell extension 'dsv' for command environment
[0.280s] DEBUG:colcon.colcon_core.event_handler.log_command:Invoking command in '/home/ljhua/robocon/ROBOCON2025/Lidar_Pointlio (jinhua)/unilidar_sdk2-2.0.4/unitree_lidar_ros2/build/unitree_lidar_ros2': CMAKE_PREFIX_PATH=/opt/ros/humble /usr/bin/cmake /home/ljhua/robocon/ROBOCON2025/Lidar_Pointlio (jinhua)/unilidar_sdk2-2.0.4/unitree_lidar_ros2/src/unitree_lidar_ros2 -DCMAKE_INSTALL_PREFIX=/home/ljhua/robocon/ROBOCON2025/Lidar_Pointlio (jinhua)/unilidar_sdk2-2.0.4/unitree_lidar_ros2/install/unitree_lidar_ros2
[3.410s] DEBUG:colcon.colcon_core.event_handler.log_command:Invoked command in '/home/ljhua/robocon/ROBOCON2025/Lidar_Pointlio (jinhua)/unilidar_sdk2-2.0.4/unitree_lidar_ros2/build/unitree_lidar_ros2' returned '0': CMAKE_PREFIX_PATH=/opt/ros/humble /usr/bin/cmake /home/ljhua/robocon/ROBOCON2025/Lidar_Pointlio (jinhua)/unilidar_sdk2-2.0.4/unitree_lidar_ros2/src/unitree_lidar_ros2 -DCMAKE_INSTALL_PREFIX=/home/ljhua/robocon/ROBOCON2025/Lidar_Pointlio (jinhua)/unilidar_sdk2-2.0.4/unitree_lidar_ros2/install/unitree_lidar_ros2
[3.412s] DEBUG:colcon.colcon_core.event_handler.log_command:Invoking command in '/home/ljhua/robocon/ROBOCON2025/Lidar_Pointlio (jinhua)/unilidar_sdk2-2.0.4/unitree_lidar_ros2/build/unitree_lidar_ros2': CMAKE_PREFIX_PATH=/opt/ros/humble /usr/bin/cmake --build /home/ljhua/robocon/ROBOCON2025/Lidar_Pointlio (jinhua)/unilidar_sdk2-2.0.4/unitree_lidar_ros2/build/unitree_lidar_ros2 -- -j20 -l20
[11.666s] DEBUG:colcon.colcon_core.event_handler.log_command:Invoked command in '/home/ljhua/robocon/ROBOCON2025/Lidar_Pointlio (jinhua)/unilidar_sdk2-2.0.4/unitree_lidar_ros2/build/unitree_lidar_ros2' returned '0': CMAKE_PREFIX_PATH=/opt/ros/humble /usr/bin/cmake --build /home/ljhua/robocon/ROBOCON2025/Lidar_Pointlio (jinhua)/unilidar_sdk2-2.0.4/unitree_lidar_ros2/build/unitree_lidar_ros2 -- -j20 -l20
[11.677s] DEBUG:colcon.colcon_core.event_handler.log_command:Invoking command in '/home/ljhua/robocon/ROBOCON2025/Lidar_Pointlio (jinhua)/unilidar_sdk2-2.0.4/unitree_lidar_ros2/build/unitree_lidar_ros2': CMAKE_PREFIX_PATH=/opt/ros/humble /usr/bin/cmake --install /home/ljhua/robocon/ROBOCON2025/Lidar_Pointlio (jinhua)/unilidar_sdk2-2.0.4/unitree_lidar_ros2/build/unitree_lidar_ros2
[11.688s] Level 1:colcon.colcon_core.environment:create_environment_scripts_only(unitree_lidar_ros2)
[11.688s] DEBUG:colcon.colcon_core.event_handler.log_command:Invoked command in '/home/ljhua/robocon/ROBOCON2025/Lidar_Pointlio (jinhua)/unilidar_sdk2-2.0.4/unitree_lidar_ros2/build/unitree_lidar_ros2' returned '0': CMAKE_PREFIX_PATH=/opt/ros/humble /usr/bin/cmake --install /home/ljhua/robocon/ROBOCON2025/Lidar_Pointlio (jinhua)/unilidar_sdk2-2.0.4/unitree_lidar_ros2/build/unitree_lidar_ros2
[11.690s] Level 1:colcon.colcon_core.environment:checking '/home/ljhua/robocon/ROBOCON2025/Lidar_Pointlio (jinhua)/unilidar_sdk2-2.0.4/unitree_lidar_ros2/install/unitree_lidar_ros2' for CMake module files
[11.691s] Level 1:colcon.colcon_core.environment:checking '/home/ljhua/robocon/ROBOCON2025/Lidar_Pointlio (jinhua)/unilidar_sdk2-2.0.4/unitree_lidar_ros2/install/unitree_lidar_ros2' for CMake config files
[11.691s] Level 1:colcon.colcon_core.shell:create_environment_hook('unitree_lidar_ros2', 'cmake_prefix_path')
[11.692s] INFO:colcon.colcon_core.shell:Creating environment hook '/home/ljhua/robocon/ROBOCON2025/Lidar_Pointlio (jinhua)/unilidar_sdk2-2.0.4/unitree_lidar_ros2/install/unitree_lidar_ros2/share/unitree_lidar_ros2/hook/cmake_prefix_path.ps1'
[11.693s] INFO:colcon.colcon_core.shell:Creating environment descriptor '/home/ljhua/robocon/ROBOCON2025/Lidar_Pointlio (jinhua)/unilidar_sdk2-2.0.4/unitree_lidar_ros2/install/unitree_lidar_ros2/share/unitree_lidar_ros2/hook/cmake_prefix_path.dsv'
[11.693s] INFO:colcon.colcon_core.shell:Creating environment hook '/home/ljhua/robocon/ROBOCON2025/Lidar_Pointlio (jinhua)/unilidar_sdk2-2.0.4/unitree_lidar_ros2/install/unitree_lidar_ros2/share/unitree_lidar_ros2/hook/cmake_prefix_path.sh'
[11.695s] Level 1:colcon.colcon_core.environment:checking '/home/ljhua/robocon/ROBOCON2025/Lidar_Pointlio (jinhua)/unilidar_sdk2-2.0.4/unitree_lidar_ros2/install/unitree_lidar_ros2/lib'
[11.695s] Level 1:colcon.colcon_core.environment:checking '/home/ljhua/robocon/ROBOCON2025/Lidar_Pointlio (jinhua)/unilidar_sdk2-2.0.4/unitree_lidar_ros2/install/unitree_lidar_ros2/bin'
[11.695s] Level 1:colcon.colcon_core.environment:checking '/home/ljhua/robocon/ROBOCON2025/Lidar_Pointlio (jinhua)/unilidar_sdk2-2.0.4/unitree_lidar_ros2/install/unitree_lidar_ros2/lib/pkgconfig/unitree_lidar_ros2.pc'
[11.695s] Level 1:colcon.colcon_core.environment:checking '/home/ljhua/robocon/ROBOCON2025/Lidar_Pointlio (jinhua)/unilidar_sdk2-2.0.4/unitree_lidar_ros2/install/unitree_lidar_ros2/lib/python3.10/site-packages'
[11.696s] Level 1:colcon.colcon_core.environment:checking '/home/ljhua/robocon/ROBOCON2025/Lidar_Pointlio (jinhua)/unilidar_sdk2-2.0.4/unitree_lidar_ros2/install/unitree_lidar_ros2/bin'
[11.696s] INFO:colcon.colcon_core.shell:Creating package script '/home/ljhua/robocon/ROBOCON2025/Lidar_Pointlio (jinhua)/unilidar_sdk2-2.0.4/unitree_lidar_ros2/install/unitree_lidar_ros2/share/unitree_lidar_ros2/package.ps1'
[11.697s] INFO:colcon.colcon_core.shell:Creating package descriptor '/home/ljhua/robocon/ROBOCON2025/Lidar_Pointlio (jinhua)/unilidar_sdk2-2.0.4/unitree_lidar_ros2/install/unitree_lidar_ros2/share/unitree_lidar_ros2/package.dsv'
[11.697s] INFO:colcon.colcon_core.shell:Creating package script '/home/ljhua/robocon/ROBOCON2025/Lidar_Pointlio (jinhua)/unilidar_sdk2-2.0.4/unitree_lidar_ros2/install/unitree_lidar_ros2/share/unitree_lidar_ros2/package.sh'
[11.698s] INFO:colcon.colcon_core.shell:Creating package script '/home/ljhua/robocon/ROBOCON2025/Lidar_Pointlio (jinhua)/unilidar_sdk2-2.0.4/unitree_lidar_ros2/install/unitree_lidar_ros2/share/unitree_lidar_ros2/package.bash'
[11.698s] INFO:colcon.colcon_core.shell:Creating package script '/home/ljhua/robocon/ROBOCON2025/Lidar_Pointlio (jinhua)/unilidar_sdk2-2.0.4/unitree_lidar_ros2/install/unitree_lidar_ros2/share/unitree_lidar_ros2/package.zsh'
[11.698s] Level 1:colcon.colcon_core.environment:create_file_with_runtime_dependencies(/home/ljhua/robocon/ROBOCON2025/Lidar_Pointlio (jinhua)/unilidar_sdk2-2.0.4/unitree_lidar_ros2/install/unitree_lidar_ros2/share/colcon-core/packages/unitree_lidar_ros2)
[11.699s] Level 1:colcon.colcon_core.environment:create_environment_scripts_only(unitree_lidar_ros2)
[11.699s] Level 1:colcon.colcon_core.environment:checking '/home/ljhua/robocon/ROBOCON2025/Lidar_Pointlio (jinhua)/unilidar_sdk2-2.0.4/unitree_lidar_ros2/install/unitree_lidar_ros2' for CMake module files
[11.700s] Level 1:colcon.colcon_core.environment:checking '/home/ljhua/robocon/ROBOCON2025/Lidar_Pointlio (jinhua)/unilidar_sdk2-2.0.4/unitree_lidar_ros2/install/unitree_lidar_ros2' for CMake config files
[11.700s] Level 1:colcon.colcon_core.shell:create_environment_hook('unitree_lidar_ros2', 'cmake_prefix_path')
[11.700s] INFO:colcon.colcon_core.shell:Creating environment hook '/home/ljhua/robocon/ROBOCON2025/Lidar_Pointlio (jinhua)/unilidar_sdk2-2.0.4/unitree_lidar_ros2/install/unitree_lidar_ros2/share/unitree_lidar_ros2/hook/cmake_prefix_path.ps1'
[11.700s] INFO:colcon.colcon_core.shell:Creating environment descriptor '/home/ljhua/robocon/ROBOCON2025/Lidar_Pointlio (jinhua)/unilidar_sdk2-2.0.4/unitree_lidar_ros2/install/unitree_lidar_ros2/share/unitree_lidar_ros2/hook/cmake_prefix_path.dsv'
[11.701s] INFO:colcon.colcon_core.shell:Creating environment hook '/home/ljhua/robocon/ROBOCON2025/Lidar_Pointlio (jinhua)/unilidar_sdk2-2.0.4/unitree_lidar_ros2/install/unitree_lidar_ros2/share/unitree_lidar_ros2/hook/cmake_prefix_path.sh'
[11.701s] Level 1:colcon.colcon_core.environment:checking '/home/ljhua/robocon/ROBOCON2025/Lidar_Pointlio (jinhua)/unilidar_sdk2-2.0.4/unitree_lidar_ros2/install/unitree_lidar_ros2/lib'
[11.701s] Level 1:colcon.colcon_core.environment:checking '/home/ljhua/robocon/ROBOCON2025/Lidar_Pointlio (jinhua)/unilidar_sdk2-2.0.4/unitree_lidar_ros2/install/unitree_lidar_ros2/bin'
[11.701s] Level 1:colcon.colcon_core.environment:checking '/home/ljhua/robocon/ROBOCON2025/Lidar_Pointlio (jinhua)/unilidar_sdk2-2.0.4/unitree_lidar_ros2/install/unitree_lidar_ros2/lib/pkgconfig/unitree_lidar_ros2.pc'
[11.701s] Level 1:colcon.colcon_core.environment:checking '/home/ljhua/robocon/ROBOCON2025/Lidar_Pointlio (jinhua)/unilidar_sdk2-2.0.4/unitree_lidar_ros2/install/unitree_lidar_ros2/lib/python3.10/site-packages'
[11.701s] Level 1:colcon.colcon_core.environment:checking '/home/ljhua/robocon/ROBOCON2025/Lidar_Pointlio (jinhua)/unilidar_sdk2-2.0.4/unitree_lidar_ros2/install/unitree_lidar_ros2/bin'
[11.702s] INFO:colcon.colcon_core.shell:Creating package script '/home/ljhua/robocon/ROBOCON2025/Lidar_Pointlio (jinhua)/unilidar_sdk2-2.0.4/unitree_lidar_ros2/install/unitree_lidar_ros2/share/unitree_lidar_ros2/package.ps1'
[11.702s] INFO:colcon.colcon_core.shell:Creating package descriptor '/home/ljhua/robocon/ROBOCON2025/Lidar_Pointlio (jinhua)/unilidar_sdk2-2.0.4/unitree_lidar_ros2/install/unitree_lidar_ros2/share/unitree_lidar_ros2/package.dsv'
[11.703s] INFO:colcon.colcon_core.shell:Creating package script '/home/ljhua/robocon/ROBOCON2025/Lidar_Pointlio (jinhua)/unilidar_sdk2-2.0.4/unitree_lidar_ros2/install/unitree_lidar_ros2/share/unitree_lidar_ros2/package.sh'
[11.703s] INFO:colcon.colcon_core.shell:Creating package script '/home/ljhua/robocon/ROBOCON2025/Lidar_Pointlio (jinhua)/unilidar_sdk2-2.0.4/unitree_lidar_ros2/install/unitree_lidar_ros2/share/unitree_lidar_ros2/package.bash'
[11.703s] INFO:colcon.colcon_core.shell:Creating package script '/home/ljhua/robocon/ROBOCON2025/Lidar_Pointlio (jinhua)/unilidar_sdk2-2.0.4/unitree_lidar_ros2/install/unitree_lidar_ros2/share/unitree_lidar_ros2/package.zsh'
[11.704s] Level 1:colcon.colcon_core.environment:create_file_with_runtime_dependencies(/home/ljhua/robocon/ROBOCON2025/Lidar_Pointlio (jinhua)/unilidar_sdk2-2.0.4/unitree_lidar_ros2/install/unitree_lidar_ros2/share/colcon-core/packages/unitree_lidar_ros2)
[11.704s] DEBUG:colcon.colcon_parallel_executor.executor.parallel:closing loop
[11.704s] DEBUG:colcon.colcon_parallel_executor.executor.parallel:loop closed
[11.704s] DEBUG:colcon.colcon_parallel_executor.executor.parallel:run_until_complete finished with '0'
[11.704s] DEBUG:colcon.colcon_core.event_reactor:joining thread
[11.707s] INFO:colcon.colcon_core.plugin_system:Skipping extension 'colcon_notification.desktop_notification.terminal_notifier': Not used on non-Darwin systems
[11.707s] INFO:colcon.colcon_core.plugin_system:Skipping extension 'colcon_notification.desktop_notification.win32': Not used on non-Windows systems
[11.707s] INFO:colcon.colcon_notification.desktop_notification:Sending desktop notification using 'notify2'
[11.724s] DEBUG:colcon.colcon_core.event_reactor:joined thread
[11.724s] INFO:colcon.colcon_core.shell:Creating prefix script '/home/ljhua/robocon/ROBOCON2025/Lidar_Pointlio (jinhua)/unilidar_sdk2-2.0.4/unitree_lidar_ros2/install/local_setup.ps1'
[11.725s] INFO:colcon.colcon_core.shell:Creating prefix util module '/home/ljhua/robocon/ROBOCON2025/Lidar_Pointlio (jinhua)/unilidar_sdk2-2.0.4/unitree_lidar_ros2/install/_local_setup_util_ps1.py'
[11.726s] INFO:colcon.colcon_core.shell:Creating prefix chain script '/home/ljhua/robocon/ROBOCON2025/Lidar_Pointlio (jinhua)/unilidar_sdk2-2.0.4/unitree_lidar_ros2/install/setup.ps1'
[11.727s] INFO:colcon.colcon_core.shell:Creating prefix script '/home/ljhua/robocon/ROBOCON2025/Lidar_Pointlio (jinhua)/unilidar_sdk2-2.0.4/unitree_lidar_ros2/install/local_setup.sh'
[11.728s] INFO:colcon.colcon_core.shell:Creating prefix util module '/home/ljhua/robocon/ROBOCON2025/Lidar_Pointlio (jinhua)/unilidar_sdk2-2.0.4/unitree_lidar_ros2/install/_local_setup_util_sh.py'
[11.729s] INFO:colcon.colcon_core.shell:Creating prefix chain script '/home/ljhua/robocon/ROBOCON2025/Lidar_Pointlio (jinhua)/unilidar_sdk2-2.0.4/unitree_lidar_ros2/install/setup.sh'
[11.730s] INFO:colcon.colcon_core.shell:Creating prefix script '/home/ljhua/robocon/ROBOCON2025/Lidar_Pointlio (jinhua)/unilidar_sdk2-2.0.4/unitree_lidar_ros2/install/local_setup.bash'
[11.730s] INFO:colcon.colcon_core.shell:Creating prefix chain script '/home/ljhua/robocon/ROBOCON2025/Lidar_Pointlio (jinhua)/unilidar_sdk2-2.0.4/unitree_lidar_ros2/install/setup.bash'
[11.731s] INFO:colcon.colcon_core.shell:Creating prefix script '/home/ljhua/robocon/ROBOCON2025/Lidar_Pointlio (jinhua)/unilidar_sdk2-2.0.4/unitree_lidar_ros2/install/local_setup.zsh'
[11.732s] INFO:colcon.colcon_core.shell:Creating prefix chain script '/home/ljhua/robocon/ROBOCON2025/Lidar_Pointlio (jinhua)/unilidar_sdk2-2.0.4/unitree_lidar_ros2/install/setup.zsh'
