[0.006s] Invoking command in '/home/ljhua/robocon/ROBOCON2025/Lidar_Pointlio (jinhua)/unilidar_sdk2-2.0.4/unitree_lidar_ros2/build/unitree_lidar_ros2': CMAKE_PREFIX_PATH=/opt/ros/humble /usr/bin/cmake /home/ljhua/robocon/ROBOCON2025/Lidar_Pointlio (jinhua)/unilidar_sdk2-2.0.4/unitree_lidar_ros2/src/unitree_lidar_ros2 -DCMAKE_INSTALL_PREFIX=/home/ljhua/robocon/ROBOCON2025/Lidar_Pointlio (jinhua)/unilidar_sdk2-2.0.4/unitree_lidar_ros2/install/unitree_lidar_ros2
[0.058s] -- The C compiler identification is GNU 11.4.0
[0.108s] -- The CXX compiler identification is GNU 11.4.0
[0.112s] -- Detecting C compiler ABI info
[0.188s] -- Detecting C compiler ABI info - done
[0.196s] -- Check for working C compiler: /usr/bin/cc - skipped
[0.196s] -- Detecting C compile features
[0.196s] -- Detecting C compile features - done
[0.199s] -- Detecting CXX compiler ABI info
[0.287s] -- Detecting CXX compiler ABI info - done
[0.294s] -- Check for working CXX compiler: /usr/bin/c++ - skipped
[0.294s] -- Detecting CXX compile features
[0.295s] -- Detecting CXX compile features - done
[0.297s] -- Found ament_cmake: 1.3.11 (/opt/ros/humble/share/ament_cmake/cmake)
[0.745s] -- Found Python3: /usr/bin/python3 (found version "3.10.12") found components: Interpreter 
[0.799s] -- Found rclcpp: 16.0.11 (/opt/ros/humble/share/rclcpp/cmake)
[0.822s] -- Found rosidl_generator_c: 3.1.6 (/opt/ros/humble/share/rosidl_generator_c/cmake)
[0.825s] -- Found rosidl_adapter: 3.1.6 (/opt/ros/humble/share/rosidl_adapter/cmake)
[0.829s] -- Found rosidl_generator_cpp: 3.1.6 (/opt/ros/humble/share/rosidl_generator_cpp/cmake)
[0.836s] -- Using all available rosidl_typesupport_c: rosidl_typesupport_fastrtps_c;rosidl_typesupport_introspection_c
[0.845s] -- Using all available rosidl_typesupport_cpp: rosidl_typesupport_fastrtps_cpp;rosidl_typesupport_introspection_cpp
[0.870s] -- Found rmw_implementation_cmake: 6.1.2 (/opt/ros/humble/share/rmw_implementation_cmake/cmake)
[0.871s] -- Found rmw_fastrtps_cpp: 6.2.7 (/opt/ros/humble/share/rmw_fastrtps_cpp/cmake)
[0.946s] -- Found OpenSSL: /usr/lib/x86_64-linux-gnu/libcrypto.so (found version "3.0.2")  
[0.971s] -- Found FastRTPS: /opt/ros/humble/include  
[1.013s] -- Using RMW implementation 'rmw_fastrtps_cpp' as default
[1.022s] -- Looking for pthread.h
[1.105s] -- Looking for pthread.h - found
[1.105s] -- Performing Test CMAKE_HAVE_LIBC_PTHREAD
[1.194s] -- Performing Test CMAKE_HAVE_LIBC_PTHREAD - Success
[1.195s] -- Found Threads: TRUE  
[1.233s] -- Found geometry_msgs: 4.2.4 (/opt/ros/humble/share/geometry_msgs/cmake)
[1.241s] -- Found pcl_conversions: 2.4.5 (/opt/ros/humble/share/pcl_conversions/cmake)
[1.281s] -- Checking for module 'eigen3'
[1.294s] --   Found eigen3, version 3.4.0
[1.333s] -- Found Eigen: /usr/include/eigen3 (Required is at least version "3.1") 
[1.334s] -- Eigen found (include: /usr/include/eigen3, version: 3.4.0)
[1.364s] -- Checking for module 'flann'
[1.380s] --   Found flann, version 1.9.1
[1.429s] -- Found FLANN: /usr/lib/x86_64-linux-gnu/libflann_cpp.so  
[1.429s] -- FLANN found (include: /usr/include, lib: /usr/lib/x86_64-linux-gnu/libflann_cpp.so)
[2.396s] -- Checking for module 'libusb-1.0'
[2.411s] --   Found libusb-1.0, version 1.0.25
[2.456s] -- Found libusb: /usr/lib/x86_64-linux-gnu/libusb-1.0.so  
[2.457s] -- OpenNI found (version: 1.5.4.0, include: /usr/include/ni, lib: /usr/lib/libOpenNI.so;libusb::libusb)
[2.527s] -- OpenNI2 found (version: 2.2.0.33, include: /usr/include/openni2, lib: /usr/lib/x86_64-linux-gnu/libOpenNI2.so;libusb::libusb)
[2.650s] -- Eigen found (include: /usr/include/eigen3, version: 3.4.0)
[2.657s] -- OpenNI found (version: 1.5.4.0, include: /usr/include/ni, lib: /usr/lib/libOpenNI.so;libusb::libusb)
[2.665s] -- OpenNI2 found (version: 2.2.0.33, include: /usr/include/openni2, lib: /usr/lib/x86_64-linux-gnu/libOpenNI2.so;libusb::libusb)
[2.772s] -- Found Qhull version 8.0.2
[2.872s] -- OpenNI found (version: 1.5.4.0, include: /usr/include/ni, lib: /usr/lib/libOpenNI.so;libusb::libusb)
[2.973s] -- Found PCL_COMMON: /usr/lib/x86_64-linux-gnu/libpcl_common.so  
[2.974s] -- Found PCL_KDTREE: /usr/lib/x86_64-linux-gnu/libpcl_kdtree.so  
[2.974s] -- Found PCL_OCTREE: /usr/lib/x86_64-linux-gnu/libpcl_octree.so  
[2.975s] -- Found PCL_SEARCH: /usr/lib/x86_64-linux-gnu/libpcl_search.so  
[2.976s] -- Found PCL_SAMPLE_CONSENSUS: /usr/lib/x86_64-linux-gnu/libpcl_sample_consensus.so  
[2.976s] -- Found PCL_FILTERS: /usr/lib/x86_64-linux-gnu/libpcl_filters.so  
[2.976s] -- Found PCL_2D: /usr/include/pcl-1.12  
[2.976s] -- Found PCL_GEOMETRY: /usr/include/pcl-1.12  
[2.977s] -- Found PCL_IO: /usr/lib/x86_64-linux-gnu/libpcl_io.so  
[2.978s] -- Found PCL_FEATURES: /usr/lib/x86_64-linux-gnu/libpcl_features.so  
[2.978s] -- Found PCL_ML: /usr/lib/x86_64-linux-gnu/libpcl_ml.so  
[2.979s] -- Found PCL_SEGMENTATION: /usr/lib/x86_64-linux-gnu/libpcl_segmentation.so  
[2.979s] -- Found PCL_VISUALIZATION: /usr/lib/x86_64-linux-gnu/libpcl_visualization.so  
[2.980s] -- Found PCL_SURFACE: /usr/lib/x86_64-linux-gnu/libpcl_surface.so  
[2.981s] -- Found PCL_REGISTRATION: /usr/lib/x86_64-linux-gnu/libpcl_registration.so  
[2.981s] -- Found PCL_KEYPOINTS: /usr/lib/x86_64-linux-gnu/libpcl_keypoints.so  
[2.982s] -- Found PCL_TRACKING: /usr/lib/x86_64-linux-gnu/libpcl_tracking.so  
[2.982s] -- Found PCL_RECOGNITION: /usr/lib/x86_64-linux-gnu/libpcl_recognition.so  
[2.983s] -- Found PCL_STEREO: /usr/lib/x86_64-linux-gnu/libpcl_stereo.so  
[2.984s] -- Found PCL_APPS: /usr/lib/x86_64-linux-gnu/libpcl_apps.so  
[2.984s] -- Found PCL_IN_HAND_SCANNER: /usr/include/pcl-1.12  
[2.984s] -- Found PCL_MODELER: /usr/include/pcl-1.12  
[2.985s] -- Found PCL_POINT_CLOUD_EDITOR: /usr/include/pcl-1.12  
[2.985s] -- Found PCL_OUTOFCORE: /usr/lib/x86_64-linux-gnu/libpcl_outofcore.so  
[2.986s] -- Found PCL_PEOPLE: /usr/lib/x86_64-linux-gnu/libpcl_people.so  
[2.987s] [33mCMake Warning (dev) at CMakeLists.txt:23 (find_package):
[2.987s]   Policy CMP0074 is not set: find_package uses <PackageName>_ROOT variables.
[2.987s]   Run "cmake --help-policy CMP0074" for policy details.  Use the cmake_policy
[2.987s]   command to set the policy and suppress this warning.
[2.987s] 
[2.987s]   CMake variable PCL_ROOT is set to:
[2.987s] 
[2.987s]     /usr
[2.987s] 
[2.987s]   For compatibility, CMake is ignoring the variable.
[2.987s] This warning is for project developers.  Use -Wno-dev to suppress it.
[2.987s] [0m
[2.993s] -- Found tf2_ros: 0.25.12 (/opt/ros/humble/share/tf2_ros/cmake)
[3.099s] -- Configuring done
[3.119s] -- Generating done
[3.125s] -- Build files have been written to: /home/ljhua/robocon/ROBOCON2025/Lidar_Pointlio (jinhua)/unilidar_sdk2-2.0.4/unitree_lidar_ros2/build/unitree_lidar_ros2
[3.136s] Invoked command in '/home/ljhua/robocon/ROBOCON2025/Lidar_Pointlio (jinhua)/unilidar_sdk2-2.0.4/unitree_lidar_ros2/build/unitree_lidar_ros2' returned '0': CMAKE_PREFIX_PATH=/opt/ros/humble /usr/bin/cmake /home/ljhua/robocon/ROBOCON2025/Lidar_Pointlio (jinhua)/unilidar_sdk2-2.0.4/unitree_lidar_ros2/src/unitree_lidar_ros2 -DCMAKE_INSTALL_PREFIX=/home/ljhua/robocon/ROBOCON2025/Lidar_Pointlio (jinhua)/unilidar_sdk2-2.0.4/unitree_lidar_ros2/install/unitree_lidar_ros2
[3.138s] Invoking command in '/home/ljhua/robocon/ROBOCON2025/Lidar_Pointlio (jinhua)/unilidar_sdk2-2.0.4/unitree_lidar_ros2/build/unitree_lidar_ros2': CMAKE_PREFIX_PATH=/opt/ros/humble /usr/bin/cmake --build /home/ljhua/robocon/ROBOCON2025/Lidar_Pointlio (jinhua)/unilidar_sdk2-2.0.4/unitree_lidar_ros2/build/unitree_lidar_ros2 -- -j20 -l20
[3.194s] [ 50%] [32mBuilding CXX object CMakeFiles/unitree_lidar_ros2_node.dir/src/unitree_lidar_ros2_node.cpp.o[0m
[11.026s] [100%] [32m[1mLinking CXX executable unitree_lidar_ros2_node[0m
[11.384s] [100%] Built target unitree_lidar_ros2_node
[11.392s] Invoked command in '/home/ljhua/robocon/ROBOCON2025/Lidar_Pointlio (jinhua)/unilidar_sdk2-2.0.4/unitree_lidar_ros2/build/unitree_lidar_ros2' returned '0': CMAKE_PREFIX_PATH=/opt/ros/humble /usr/bin/cmake --build /home/ljhua/robocon/ROBOCON2025/Lidar_Pointlio (jinhua)/unilidar_sdk2-2.0.4/unitree_lidar_ros2/build/unitree_lidar_ros2 -- -j20 -l20
[11.403s] Invoking command in '/home/ljhua/robocon/ROBOCON2025/Lidar_Pointlio (jinhua)/unilidar_sdk2-2.0.4/unitree_lidar_ros2/build/unitree_lidar_ros2': CMAKE_PREFIX_PATH=/opt/ros/humble /usr/bin/cmake --install /home/ljhua/robocon/ROBOCON2025/Lidar_Pointlio (jinhua)/unilidar_sdk2-2.0.4/unitree_lidar_ros2/build/unitree_lidar_ros2
[11.410s] -- Install configuration: ""
[11.410s] -- Installing: /home/ljhua/robocon/ROBOCON2025/Lidar_Pointlio (jinhua)/unilidar_sdk2-2.0.4/unitree_lidar_ros2/install/unitree_lidar_ros2/lib/unitree_lidar_ros2/unitree_lidar_ros2_node
[11.411s] -- Set runtime path of "/home/ljhua/robocon/ROBOCON2025/Lidar_Pointlio (jinhua)/unilidar_sdk2-2.0.4/unitree_lidar_ros2/install/unitree_lidar_ros2/lib/unitree_lidar_ros2/unitree_lidar_ros2_node" to ""
[11.411s] -- Installing: /home/ljhua/robocon/ROBOCON2025/Lidar_Pointlio (jinhua)/unilidar_sdk2-2.0.4/unitree_lidar_ros2/install/unitree_lidar_ros2/share/unitree_lidar_ros2/view.rviz
[11.412s] -- Installing: /home/ljhua/robocon/ROBOCON2025/Lidar_Pointlio (jinhua)/unilidar_sdk2-2.0.4/unitree_lidar_ros2/install/unitree_lidar_ros2/share/unitree_lidar_ros2/launch.py
[11.412s] -- Installing: /home/ljhua/robocon/ROBOCON2025/Lidar_Pointlio (jinhua)/unilidar_sdk2-2.0.4/unitree_lidar_ros2/install/unitree_lidar_ros2/share/ament_index/resource_index/package_run_dependencies/unitree_lidar_ros2
[11.412s] -- Installing: /home/ljhua/robocon/ROBOCON2025/Lidar_Pointlio (jinhua)/unilidar_sdk2-2.0.4/unitree_lidar_ros2/install/unitree_lidar_ros2/share/ament_index/resource_index/parent_prefix_path/unitree_lidar_ros2
[11.412s] -- Installing: /home/ljhua/robocon/ROBOCON2025/Lidar_Pointlio (jinhua)/unilidar_sdk2-2.0.4/unitree_lidar_ros2/install/unitree_lidar_ros2/share/unitree_lidar_ros2/environment/ament_prefix_path.sh
[11.412s] -- Installing: /home/ljhua/robocon/ROBOCON2025/Lidar_Pointlio (jinhua)/unilidar_sdk2-2.0.4/unitree_lidar_ros2/install/unitree_lidar_ros2/share/unitree_lidar_ros2/environment/ament_prefix_path.dsv
[11.412s] -- Installing: /home/ljhua/robocon/ROBOCON2025/Lidar_Pointlio (jinhua)/unilidar_sdk2-2.0.4/unitree_lidar_ros2/install/unitree_lidar_ros2/share/unitree_lidar_ros2/environment/path.sh
[11.412s] -- Installing: /home/ljhua/robocon/ROBOCON2025/Lidar_Pointlio (jinhua)/unilidar_sdk2-2.0.4/unitree_lidar_ros2/install/unitree_lidar_ros2/share/unitree_lidar_ros2/environment/path.dsv
[11.412s] -- Installing: /home/ljhua/robocon/ROBOCON2025/Lidar_Pointlio (jinhua)/unilidar_sdk2-2.0.4/unitree_lidar_ros2/install/unitree_lidar_ros2/share/unitree_lidar_ros2/local_setup.bash
[11.412s] -- Installing: /home/ljhua/robocon/ROBOCON2025/Lidar_Pointlio (jinhua)/unilidar_sdk2-2.0.4/unitree_lidar_ros2/install/unitree_lidar_ros2/share/unitree_lidar_ros2/local_setup.sh
[11.412s] -- Installing: /home/ljhua/robocon/ROBOCON2025/Lidar_Pointlio (jinhua)/unilidar_sdk2-2.0.4/unitree_lidar_ros2/install/unitree_lidar_ros2/share/unitree_lidar_ros2/local_setup.zsh
[11.412s] -- Installing: /home/ljhua/robocon/ROBOCON2025/Lidar_Pointlio (jinhua)/unilidar_sdk2-2.0.4/unitree_lidar_ros2/install/unitree_lidar_ros2/share/unitree_lidar_ros2/local_setup.dsv
[11.412s] -- Installing: /home/ljhua/robocon/ROBOCON2025/Lidar_Pointlio (jinhua)/unilidar_sdk2-2.0.4/unitree_lidar_ros2/install/unitree_lidar_ros2/share/unitree_lidar_ros2/package.dsv
[11.412s] -- Installing: /home/ljhua/robocon/ROBOCON2025/Lidar_Pointlio (jinhua)/unilidar_sdk2-2.0.4/unitree_lidar_ros2/install/unitree_lidar_ros2/share/ament_index/resource_index/packages/unitree_lidar_ros2
[11.412s] -- Installing: /home/ljhua/robocon/ROBOCON2025/Lidar_Pointlio (jinhua)/unilidar_sdk2-2.0.4/unitree_lidar_ros2/install/unitree_lidar_ros2/share/unitree_lidar_ros2/cmake/unitree_lidar_ros2Config.cmake
[11.412s] -- Installing: /home/ljhua/robocon/ROBOCON2025/Lidar_Pointlio (jinhua)/unilidar_sdk2-2.0.4/unitree_lidar_ros2/install/unitree_lidar_ros2/share/unitree_lidar_ros2/cmake/unitree_lidar_ros2Config-version.cmake
[11.412s] -- Installing: /home/ljhua/robocon/ROBOCON2025/Lidar_Pointlio (jinhua)/unilidar_sdk2-2.0.4/unitree_lidar_ros2/install/unitree_lidar_ros2/share/unitree_lidar_ros2/package.xml
[11.414s] Invoked command in '/home/ljhua/robocon/ROBOCON2025/Lidar_Pointlio (jinhua)/unilidar_sdk2-2.0.4/unitree_lidar_ros2/build/unitree_lidar_ros2' returned '0': CMAKE_PREFIX_PATH=/opt/ros/humble /usr/bin/cmake --install /home/ljhua/robocon/ROBOCON2025/Lidar_Pointlio (jinhua)/unilidar_sdk2-2.0.4/unitree_lidar_ros2/build/unitree_lidar_ros2
